<html>
<body>
<pre>
<h1>礦ision Build Log</h1>
<h2>Project:</h2>
F:\SZP\项目\单灯控制器\程序软件\SLC\MDK-ARM\StreetLightsControler.uvproj
Project File Date:  08/21/2018

<h2>Output:</h2>
Build target 'StreetLightsControler'
compiling main.c...
compiling common.c...
compiling core_cm3.c...
assembling startup_stm32f10x_hd.s...
compiling system_stm32f10x.c...
compiling delay.c...
compiling sys.c...
compiling iic1.c...
compiling iic2.c...
compiling rtc.c...
..\PERIPHERAL\rtc\rtc.c(10): warning:  #177-D: variable "EXTI_InitStructure" was declared but never referenced
..\PERIPHERAL\rtc\rtc.c(192): warning:  #223-D: function "SetTimeSec" declared implicitly
..\PERIPHERAL\rtc\rtc.c(8): warning:  #177-D: function "RTC_NVIC_Config" was declared but never referenced
compiling 24cxx.c...
compiling sht2x.c...
compiling bh1750.c...
compiling led.c...
compiling misc.c...
compiling stm32f10x_adc.c...
compiling stm32f10x_bkp.c...
compiling stm32f10x_can.c...
compiling stm32f10x_cec.c...
compiling stm32f10x_crc.c...
compiling stm32f10x_dac.c...
compiling stm32f10x_dbgmcu.c...
compiling stm32f10x_dma.c...
compiling stm32f10x_exti.c...
compiling stm32f10x_flash.c...
compiling stm32f10x_fsmc.c...
compiling stm32f10x_gpio.c...
compiling stm32f10x_i2c.c...
compiling stm32f10x_iwdg.c...
compiling stm32f10x_pwr.c...
compiling stm32f10x_rcc.c...
compiling stm32f10x_rtc.c...
compiling stm32f10x_sdio.c...
compiling stm32f10x_spi.c...
compiling stm32f10x_tim.c...
compiling stm32f10x_usart.c...
compiling stm32f10x_wwdg.c...
compiling malloc.c...
compiling croutine.c...
compiling event_groups.c...
compiling list.c...
compiling port.c...
compiling queue.c...
compiling tasks.c...
compiling timers.c...
linking...
Program Size: Code=11200 RO-data=1384 RW-data=2728 ZI-data=32152  
FromELF: creating hex file...
After Build - User command #1: C:\Keil\ARM\ARMCC\bin\fromelf.exe  --bin -o   ..\OUTPUT\Obj\StreetLightsControler.bin ..\OUTPUT\Obj\StreetLightsControler.axf
"..\OUTPUT\Obj\StreetLightsControler.axf" - 0 Errors, 3 Warning(s).
Build target 'StreetLightsControler'
compiling main.c...
compiling common.c...
compiling core_cm3.c...
compiling system_stm32f10x.c...
compiling delay.c...
compiling sys.c...
compiling iic1.c...
compiling iic2.c...
compiling rtc.c...
..\PERIPHERAL\rtc\rtc.c(10): warning:  #177-D: variable "EXTI_InitStructure" was declared but never referenced
..\PERIPHERAL\rtc\rtc.c(8): warning:  #177-D: function "RTC_NVIC_Config" was declared but never referenced
compiling 24cxx.c...
compiling sht2x.c...
compiling bh1750.c...
compiling led.c...
compiling misc.c...
compiling stm32f10x_adc.c...
compiling stm32f10x_bkp.c...
compiling stm32f10x_can.c...
compiling stm32f10x_cec.c...
compiling stm32f10x_crc.c...
compiling stm32f10x_dac.c...
compiling stm32f10x_dbgmcu.c...
compiling stm32f10x_dma.c...
compiling stm32f10x_exti.c...
compiling stm32f10x_flash.c...
compiling stm32f10x_fsmc.c...
compiling stm32f10x_gpio.c...
compiling stm32f10x_i2c.c...
compiling stm32f10x_iwdg.c...
compiling stm32f10x_pwr.c...
compiling stm32f10x_rcc.c...
compiling stm32f10x_rtc.c...
compiling stm32f10x_sdio.c...
compiling stm32f10x_spi.c...
compiling stm32f10x_tim.c...
compiling stm32f10x_usart.c...
compiling stm32f10x_wwdg.c...
compiling malloc.c...
compiling croutine.c...
compiling event_groups.c...
compiling list.c...
compiling port.c...
compiling queue.c...
compiling tasks.c...
compiling timers.c...
linking...
Program Size: Code=11348 RO-data=1384 RW-data=2728 ZI-data=32152  
FromELF: creating hex file...
After Build - User command #1: C:\Keil\ARM\ARMCC\bin\fromelf.exe  --bin -o   ..\OUTPUT\Obj\StreetLightsControler.bin ..\OUTPUT\Obj\StreetLightsControler.axf
"..\OUTPUT\Obj\StreetLightsControler.axf" - 0 Errors, 2 Warning(s).
Build target 'StreetLightsControler'
compiling sys.c...
compiling rtc.c...
linking...
Program Size: Code=11348 RO-data=1384 RW-data=2728 ZI-data=32152  
FromELF: creating hex file...
After Build - User command #1: C:\Keil\ARM\ARMCC\bin\fromelf.exe  --bin -o   ..\OUTPUT\Obj\StreetLightsControler.bin ..\OUTPUT\Obj\StreetLightsControler.axf
"..\OUTPUT\Obj\StreetLightsControler.axf" - 0 Errors, 0 Warning(s).
Build target 'StreetLightsControler'
compiling rtc.c...
linking...
Program Size: Code=11348 RO-data=1384 RW-data=2728 ZI-data=32152  
FromELF: creating hex file...
After Build - User command #1: C:\Keil\ARM\ARMCC\bin\fromelf.exe  --bin -o   ..\OUTPUT\Obj\StreetLightsControler.bin ..\OUTPUT\Obj\StreetLightsControler.axf
"..\OUTPUT\Obj\StreetLightsControler.axf" - 0 Errors, 0 Warning(s).
Build target 'StreetLightsControler'
compiling rtc.c...
linking...
Program Size: Code=11348 RO-data=1384 RW-data=2728 ZI-data=32152  
FromELF: creating hex file...
After Build - User command #1: C:\Keil\ARM\ARMCC\bin\fromelf.exe  --bin -o   ..\OUTPUT\Obj\StreetLightsControler.bin ..\OUTPUT\Obj\StreetLightsControler.axf
"..\OUTPUT\Obj\StreetLightsControler.axf" - 0 Errors, 0 Warning(s).
Build target 'StreetLightsControler'
compiling main.c...
linking...
Program Size: Code=12200 RO-data=1384 RW-data=2728 ZI-data=32152  
FromELF: creating hex file...
After Build - User command #1: C:\Keil\ARM\ARMCC\bin\fromelf.exe  --bin -o   ..\OUTPUT\Obj\StreetLightsControler.bin ..\OUTPUT\Obj\StreetLightsControler.axf
"..\OUTPUT\Obj\StreetLightsControler.axf" - 0 Errors, 0 Warning(s).
Load "..\\OUTPUT\\Obj\\StreetLightsControler.axf" 
* JLink Info: Device "STM32F103RE" selected (512 KB flash, 64 KB RAM).
Set JLink Project File to "F:\SZP\项目\单灯控制器\程序软件\SLC\MDK-ARM\JLinkSettings.ini"
 
JLink info:
------------
DLL: V4.40c, compiled Jan 24 2012 09:30:33
Firmware: J-Link ARM V8 compiled Nov 28 2014 13:44:46
Hardware: V8.00
Feature(s) : RDI,FlashDL,FlashBP,JFlash,GDBFULL 
 
* JLink Info: Found SWD-DP with ID 0x1BA01477
* JLink Info: TPIU fitted.
* JLink Info: ETM fitted.
* JLink Info:   FPUnit: 6 code (BP) slots and 2 literal slots
* JLink Info: Found Cortex-M3 r1p1, Little endian.
ROMTableAddr = 0xE00FF003
* JLink Info: Found SWD-DP with ID 0x1BA01477
* JLink Info: TPIU fitted.
* JLink Info: ETM fitted.
* JLink Info:   FPUnit: 6 code (BP) slots and 2 literal slots
* JLink Info: Found Cortex-M3 r1p1, Little endian.
 
Target info:
------------
Device: STM32F103RE
VTarget = 3.306V
State of Pins: 
TCK: 0, TDI: 0, TDO: 0, TMS: 1, TRES: 1, TRST: 1
Hardware-Breakpoints: 6
Software-Breakpoints: 8192
Watchpoints:          4
JTAG speed: 2000 kHz
 
Erase Done.
Programming Done.
Verify OK.
* JLink Info: Found SWD-DP with ID 0x1BA01477
* JLink Info: TPIU fitted.
* JLink Info: ETM fitted.
* JLink Info:   FPUnit: 6 code (BP) slots and 2 literal slots
* JLink Info: Found Cortex-M3 r1p1, Little endian.
Application running ...
Build target 'StreetLightsControler'
compiling sys.c...
linking...
Program Size: Code=12200 RO-data=1384 RW-data=2728 ZI-data=32152  
FromELF: creating hex file...
After Build - User command #1: C:\Keil\ARM\ARMCC\bin\fromelf.exe  --bin -o   ..\OUTPUT\Obj\StreetLightsControler.bin ..\OUTPUT\Obj\StreetLightsControler.axf
"..\OUTPUT\Obj\StreetLightsControler.axf" - 0 Errors, 0 Warning(s).
Load "..\\OUTPUT\\Obj\\StreetLightsControler.axf" 
* JLink Info: Device "STM32F103RE" selected (512 KB flash, 64 KB RAM).
Set JLink Project File to "F:\SZP\项目\单灯控制器\程序软件\SLC\MDK-ARM\JLinkSettings.ini"
 
JLink info:
------------
DLL: V4.40c, compiled Jan 24 2012 09:30:33
Firmware: J-Link ARM V8 compiled Nov 28 2014 13:44:46
Hardware: V8.00
Feature(s) : RDI,FlashDL,FlashBP,JFlash,GDBFULL 
 
* JLink Info: Found SWD-DP with ID 0x1BA01477
* JLink Info: TPIU fitted.
* JLink Info: ETM fitted.
* JLink Info:   FPUnit: 6 code (BP) slots and 2 literal slots
* JLink Info: Found Cortex-M3 r1p1, Little endian.
ROMTableAddr = 0xE00FF003
* JLink Info: Found SWD-DP with ID 0x1BA01477
* JLink Info: TPIU fitted.
* JLink Info: ETM fitted.
* JLink Info:   FPUnit: 6 code (BP) slots and 2 literal slots
* JLink Info: Found Cortex-M3 r1p1, Little endian.
 
Target info:
------------
Device: STM32F103RE
VTarget = 3.300V
State of Pins: 
TCK: 0, TDI: 0, TDO: 0, TMS: 1, TRES: 1, TRST: 1
Hardware-Breakpoints: 6
Software-Breakpoints: 8192
Watchpoints:          4
JTAG speed: 2000 kHz
 
Erase Done.
Programming Done.
Verify OK.
* JLink Info: Found SWD-DP with ID 0x1BA01477
* JLink Info: TPIU fitted.
* JLink Info: ETM fitted.
* JLink Info:   FPUnit: 6 code (BP) slots and 2 literal slots
* JLink Info: Found Cortex-M3 r1p1, Little endian.
Application running ...
Build target 'StreetLightsControler'
compiling rtc.c...
linking...
Program Size: Code=12468 RO-data=1384 RW-data=2728 ZI-data=32152  
FromELF: creating hex file...
After Build - User command #1: C:\Keil\ARM\ARMCC\bin\fromelf.exe  --bin -o   ..\OUTPUT\Obj\StreetLightsControler.bin ..\OUTPUT\Obj\StreetLightsControler.axf
"..\OUTPUT\Obj\StreetLightsControler.axf" - 0 Errors, 0 Warning(s).
Load "..\\OUTPUT\\Obj\\StreetLightsControler.axf" 
* JLink Info: Device "STM32F103RE" selected (512 KB flash, 64 KB RAM).
Set JLink Project File to "F:\SZP\项目\单灯控制器\程序软件\SLC\MDK-ARM\JLinkSettings.ini"
 
JLink info:
------------
DLL: V4.40c, compiled Jan 24 2012 09:30:33
Firmware: J-Link ARM V8 compiled Nov 28 2014 13:44:46
Hardware: V8.00
Feature(s) : RDI,FlashDL,FlashBP,JFlash,GDBFULL 
 
* JLink Info: Found SWD-DP with ID 0x1BA01477
* JLink Info: TPIU fitted.
* JLink Info: ETM fitted.
* JLink Info:   FPUnit: 6 code (BP) slots and 2 literal slots
* JLink Info: Found Cortex-M3 r1p1, Little endian.
ROMTableAddr = 0xE00FF003
* JLink Info: Found SWD-DP with ID 0x1BA01477
* JLink Info: TPIU fitted.
* JLink Info: ETM fitted.
* JLink Info:   FPUnit: 6 code (BP) slots and 2 literal slots
* JLink Info: Found Cortex-M3 r1p1, Little endian.
 
Target info:
------------
Device: STM32F103RE
VTarget = 3.306V
State of Pins: 
TCK: 0, TDI: 0, TDO: 0, TMS: 1, TRES: 1, TRST: 1
Hardware-Breakpoints: 6
Software-Breakpoints: 8192
Watchpoints:          4
JTAG speed: 2000 kHz
 
Erase Done.
Programming Done.
Verify OK.
* JLink Info: Found SWD-DP with ID 0x1BA01477
* JLink Info: TPIU fitted.
* JLink Info: ETM fitted.
* JLink Info:   FPUnit: 6 code (BP) slots and 2 literal slots
* JLink Info: Found Cortex-M3 r1p1, Little endian.
Application running ...
Build target 'StreetLightsControler'
compiling rtc.c...
linking...
Program Size: Code=12480 RO-data=1384 RW-data=2728 ZI-data=32152  
FromELF: creating hex file...
After Build - User command #1: C:\Keil\ARM\ARMCC\bin\fromelf.exe  --bin -o   ..\OUTPUT\Obj\StreetLightsControler.bin ..\OUTPUT\Obj\StreetLightsControler.axf
"..\OUTPUT\Obj\StreetLightsControler.axf" - 0 Errors, 0 Warning(s).
Load "..\\OUTPUT\\Obj\\StreetLightsControler.axf" 
* JLink Info: Device "STM32F103RE" selected (512 KB flash, 64 KB RAM).
Set JLink Project File to "F:\SZP\项目\单灯控制器\程序软件\SLC\MDK-ARM\JLinkSettings.ini"
 
JLink info:
------------
DLL: V4.40c, compiled Jan 24 2012 09:30:33
Firmware: J-Link ARM V8 compiled Nov 28 2014 13:44:46
Hardware: V8.00
Feature(s) : RDI,FlashDL,FlashBP,JFlash,GDBFULL 
 
* JLink Info: Found SWD-DP with ID 0x1BA01477
* JLink Info: TPIU fitted.
* JLink Info: ETM fitted.
* JLink Info:   FPUnit: 6 code (BP) slots and 2 literal slots
* JLink Info: Found Cortex-M3 r1p1, Little endian.
ROMTableAddr = 0xE00FF003
* JLink Info: Found SWD-DP with ID 0x1BA01477
* JLink Info: TPIU fitted.
* JLink Info: ETM fitted.
* JLink Info:   FPUnit: 6 code (BP) slots and 2 literal slots
* JLink Info: Found Cortex-M3 r1p1, Little endian.
 
Target info:
------------
Device: STM32F103RE
VTarget = 3.300V
State of Pins: 
TCK: 0, TDI: 0, TDO: 0, TMS: 1, TRES: 1, TRST: 1
Hardware-Breakpoints: 6
Software-Breakpoints: 8192
Watchpoints:          4
JTAG speed: 2000 kHz
 
Erase Done.
Programming Done.
Verify OK.
* JLink Info: Found SWD-DP with ID 0x1BA01477
* JLink Info: TPIU fitted.
* JLink Info: ETM fitted.
* JLink Info:   FPUnit: 6 code (BP) slots and 2 literal slots
* JLink Info: Found Cortex-M3 r1p1, Little endian.
Application running ...
Build target 'StreetLightsControler'
compiling rtc.c...
linking...
Program Size: Code=12484 RO-data=1384 RW-data=2728 ZI-data=32152  
FromELF: creating hex file...
After Build - User command #1: C:\Keil\ARM\ARMCC\bin\fromelf.exe  --bin -o   ..\OUTPUT\Obj\StreetLightsControler.bin ..\OUTPUT\Obj\StreetLightsControler.axf
"..\OUTPUT\Obj\StreetLightsControler.axf" - 0 Errors, 0 Warning(s).
Load "..\\OUTPUT\\Obj\\StreetLightsControler.axf" 
* JLink Info: Device "STM32F103RE" selected (512 KB flash, 64 KB RAM).
Set JLink Project File to "F:\SZP\项目\单灯控制器\程序软件\SLC\MDK-ARM\JLinkSettings.ini"
 
JLink info:
------------
DLL: V4.40c, compiled Jan 24 2012 09:30:33
Firmware: J-Link ARM V8 compiled Nov 28 2014 13:44:46
Hardware: V8.00
Feature(s) : RDI,FlashDL,FlashBP,JFlash,GDBFULL 
 
* JLink Info: Found SWD-DP with ID 0x1BA01477
* JLink Info: TPIU fitted.
* JLink Info: ETM fitted.
* JLink Info:   FPUnit: 6 code (BP) slots and 2 literal slots
* JLink Info: Found Cortex-M3 r1p1, Little endian.
ROMTableAddr = 0xE00FF003
* JLink Info: Found SWD-DP with ID 0x1BA01477
* JLink Info: TPIU fitted.
* JLink Info: ETM fitted.
* JLink Info:   FPUnit: 6 code (BP) slots and 2 literal slots
* JLink Info: Found Cortex-M3 r1p1, Little endian.
 
Target info:
------------
Device: STM32F103RE
VTarget = 3.306V
State of Pins: 
TCK: 0, TDI: 0, TDO: 0, TMS: 1, TRES: 1, TRST: 1
Hardware-Breakpoints: 6
Software-Breakpoints: 8192
Watchpoints:          4
JTAG speed: 2000 kHz
 
Erase Done.
Programming Done.
Verify OK.
* JLink Info: Found SWD-DP with ID 0x1BA01477
* JLink Info: TPIU fitted.
* JLink Info: ETM fitted.
* JLink Info:   FPUnit: 6 code (BP) slots and 2 literal slots
* JLink Info: Found Cortex-M3 r1p1, Little endian.
Application running ...
Build target 'StreetLightsControler'
compiling sys.c...
linking...
Program Size: Code=12452 RO-data=1384 RW-data=2728 ZI-data=32152  
FromELF: creating hex file...
After Build - User command #1: C:\Keil\ARM\ARMCC\bin\fromelf.exe  --bin -o   ..\OUTPUT\Obj\StreetLightsControler.bin ..\OUTPUT\Obj\StreetLightsControler.axf
"..\OUTPUT\Obj\StreetLightsControler.axf" - 0 Errors, 0 Warning(s).
Build target 'StreetLightsControler'
linking...
Program Size: Code=12452 RO-data=1384 RW-data=2728 ZI-data=32152  
FromELF: creating hex file...
After Build - User command #1: C:\Keil\ARM\ARMCC\bin\fromelf.exe  --bin -o   ..\OUTPUT\Obj\StreetLightsControler.bin ..\OUTPUT\Obj\StreetLightsControler.axf
"..\OUTPUT\Obj\StreetLightsControler.axf" - 0 Errors, 0 Warning(s).
Load "..\\OUTPUT\\Obj\\StreetLightsControler.axf" 
* JLink Info: Device "STM32F103RE" selected (512 KB flash, 64 KB RAM).
Set JLink Project File to "F:\SZP\项目\单灯控制器\程序软件\SLC\MDK-ARM\JLinkSettings.ini"
 
JLink info:
------------
DLL: V4.40c, compiled Jan 24 2012 09:30:33
Firmware: J-Link ARM V8 compiled Nov 28 2014 13:44:46
Hardware: V8.00
Feature(s) : RDI,FlashDL,FlashBP,JFlash,GDBFULL 
 
* JLink Info: Found SWD-DP with ID 0x1BA01477
* JLink Info: TPIU fitted.
* JLink Info: ETM fitted.
* JLink Info:   FPUnit: 6 code (BP) slots and 2 literal slots
* JLink Info: Found Cortex-M3 r1p1, Little endian.
ROMTableAddr = 0xE00FF003
* JLink Info: Found SWD-DP with ID 0x1BA01477
* JLink Info: TPIU fitted.
* JLink Info: ETM fitted.
* JLink Info:   FPUnit: 6 code (BP) slots and 2 literal slots
* JLink Info: Found Cortex-M3 r1p1, Little endian.
 
Target info:
------------
Device: STM32F103RE
VTarget = 3.306V
State of Pins: 
TCK: 0, TDI: 0, TDO: 0, TMS: 1, TRES: 1, TRST: 1
Hardware-Breakpoints: 6
Software-Breakpoints: 8192
Watchpoints:          4
JTAG speed: 2000 kHz
 
Erase Done.
Programming Done.
Verify OK.
* JLink Info: Found SWD-DP with ID 0x1BA01477
* JLink Info: TPIU fitted.
* JLink Info: ETM fitted.
* JLink Info:   FPUnit: 6 code (BP) slots and 2 literal slots
* JLink Info: Found Cortex-M3 r1p1, Little endian.
Application running ...
Build target 'StreetLightsControler'
compiling delay.c...
..\SYSTEM\delay\delay.c(73): error:  #20: identifier "LED" is undefined
..\SYSTEM\delay\delay.c(84): warning:  #223-D: function "SetNTPSyncTimeState" declared implicitly
..\SYSTEM\delay\delay.c(85): error:  #20: identifier "LED" is undefined
"..\OUTPUT\Obj\StreetLightsControler.axf" - 2 Errors, 1 Warning(s).
Target not created
Build target 'StreetLightsControler'
compiling delay.c...
linking...
..\OUTPUT\Obj\StreetLightsControler.axf: Error: L6200E: Symbol RTC_Init multiply defined (by rtc.o and delay.o).
..\OUTPUT\Obj\StreetLightsControler.axf: Error: L6200E: Symbol RTC_IRQHandler multiply defined (by rtc.o and delay.o).
..\OUTPUT\Obj\StreetLightsControler.axf: Error: L6200E: Symbol calendar multiply defined (by rtc.o and delay.o).
..\OUTPUT\Obj\StreetLightsControler.axf: Error: L6200E: Symbol table_week multiply defined (by rtc.o and delay.o).
..\OUTPUT\Obj\StreetLightsControler.axf: Error: L6200E: Symbol mon_table multiply defined (by rtc.o and delay.o).
..\OUTPUT\Obj\StreetLightsControler.axf: Error: L6200E: Symbol Is_Leap_Year multiply defined (by rtc.o and delay.o).
..\OUTPUT\Obj\StreetLightsControler.axf: Error: L6200E: Symbol RTC_Get multiply defined (by rtc.o and delay.o).
..\OUTPUT\Obj\StreetLightsControler.axf: Error: L6200E: Symbol RTC_Get_Week multiply defined (by rtc.o and delay.o).
..\OUTPUT\Obj\StreetLightsControler.axf: Error: L6200E: Symbol RTC_Set multiply defined (by rtc.o and delay.o).
..\OUTPUT\Obj\StreetLightsControler.axf: Error: L6200E: Symbol SyncTimeFromNet multiply defined (by rtc.o and delay.o).
"..\OUTPUT\Obj\StreetLightsControler.axf" - 10 Errors, 0 Warning(s).
Target not created
Build target 'StreetLightsControler'
compiling delay.c...
linking...
..\OUTPUT\Obj\StreetLightsControler.axf: Error: L6200E: Symbol RTC_Init multiply defined (by rtc.o and delay.o).
..\OUTPUT\Obj\StreetLightsControler.axf: Error: L6200E: Symbol RTC_IRQHandler multiply defined (by rtc.o and delay.o).
..\OUTPUT\Obj\StreetLightsControler.axf: Error: L6200E: Symbol calendar multiply defined (by rtc.o and delay.o).
..\OUTPUT\Obj\StreetLightsControler.axf: Error: L6200E: Symbol table_week multiply defined (by rtc.o and delay.o).
..\OUTPUT\Obj\StreetLightsControler.axf: Error: L6200E: Symbol mon_table multiply defined (by rtc.o and delay.o).
..\OUTPUT\Obj\StreetLightsControler.axf: Error: L6200E: Symbol Is_Leap_Year multiply defined (by rtc.o and delay.o).
..\OUTPUT\Obj\StreetLightsControler.axf: Error: L6200E: Symbol RTC_Get multiply defined (by rtc.o and delay.o).
..\OUTPUT\Obj\StreetLightsControler.axf: Error: L6200E: Symbol RTC_Get_Week multiply defined (by rtc.o and delay.o).
..\OUTPUT\Obj\StreetLightsControler.axf: Error: L6200E: Symbol RTC_Set multiply defined (by rtc.o and delay.o).
..\OUTPUT\Obj\StreetLightsControler.axf: Error: L6200E: Symbol SyncTimeFromNet multiply defined (by rtc.o and delay.o).
"..\OUTPUT\Obj\StreetLightsControler.axf" - 10 Errors, 0 Warning(s).
Target not created
Build target 'StreetLightsControler'
compiling delay.c...
linking...
..\OUTPUT\Obj\StreetLightsControler.axf: Error: L6200E: Symbol RTC_Init multiply defined (by rtc.o and delay.o).
..\OUTPUT\Obj\StreetLightsControler.axf: Error: L6200E: Symbol RTC_IRQHandler multiply defined (by rtc.o and delay.o).
..\OUTPUT\Obj\StreetLightsControler.axf: Error: L6200E: Symbol calendar multiply defined (by rtc.o and delay.o).
..\OUTPUT\Obj\StreetLightsControler.axf: Error: L6200E: Symbol table_week multiply defined (by rtc.o and delay.o).
..\OUTPUT\Obj\StreetLightsControler.axf: Error: L6200E: Symbol mon_table multiply defined (by rtc.o and delay.o).
..\OUTPUT\Obj\StreetLightsControler.axf: Error: L6200E: Symbol Is_Leap_Year multiply defined (by rtc.o and delay.o).
..\OUTPUT\Obj\StreetLightsControler.axf: Error: L6200E: Symbol RTC_Get multiply defined (by rtc.o and delay.o).
..\OUTPUT\Obj\StreetLightsControler.axf: Error: L6200E: Symbol RTC_Get_Week multiply defined (by rtc.o and delay.o).
..\OUTPUT\Obj\StreetLightsControler.axf: Error: L6200E: Symbol RTC_Set multiply defined (by rtc.o and delay.o).
..\OUTPUT\Obj\StreetLightsControler.axf: Error: L6200E: Symbol SyncTimeFromNet multiply defined (by rtc.o and delay.o).
"..\OUTPUT\Obj\StreetLightsControler.axf" - 10 Errors, 0 Warning(s).
Target not created
Rebuild target 'StreetLightsControler'
compiling main.c...
compiling common.c...
compiling core_cm3.c...
assembling startup_stm32f10x_hd.s...
compiling system_stm32f10x.c...
compiling delay.c...
compiling sys.c...
compiling iic1.c...
compiling iic2.c...
compiling rtc.c...
compiling 24cxx.c...
compiling sht2x.c...
compiling bh1750.c...
compiling led.c...
compiling misc.c...
compiling stm32f10x_adc.c...
compiling stm32f10x_bkp.c...
compiling stm32f10x_can.c...
compiling stm32f10x_cec.c...
compiling stm32f10x_crc.c...
compiling stm32f10x_dac.c...
compiling stm32f10x_dbgmcu.c...
compiling stm32f10x_dma.c...
compiling stm32f10x_exti.c...
compiling stm32f10x_flash.c...
compiling stm32f10x_fsmc.c...
compiling stm32f10x_gpio.c...
compiling stm32f10x_i2c.c...
compiling stm32f10x_iwdg.c...
compiling stm32f10x_pwr.c...
compiling stm32f10x_rcc.c...
compiling stm32f10x_rtc.c...
compiling stm32f10x_sdio.c...
compiling stm32f10x_spi.c...
compiling stm32f10x_tim.c...
compiling stm32f10x_usart.c...
compiling stm32f10x_wwdg.c...
compiling malloc.c...
compiling croutine.c...
compiling event_groups.c...
compiling list.c...
compiling port.c...
compiling queue.c...
compiling tasks.c...
compiling timers.c...
linking...
..\OUTPUT\Obj\StreetLightsControler.axf: Error: L6200E: Symbol RTC_Init multiply defined (by rtc.o and delay.o).
..\OUTPUT\Obj\StreetLightsControler.axf: Error: L6200E: Symbol RTC_IRQHandler multiply defined (by rtc.o and delay.o).
..\OUTPUT\Obj\StreetLightsControler.axf: Error: L6200E: Symbol calendar multiply defined (by rtc.o and delay.o).
..\OUTPUT\Obj\StreetLightsControler.axf: Error: L6200E: Symbol table_week multiply defined (by rtc.o and delay.o).
..\OUTPUT\Obj\StreetLightsControler.axf: Error: L6200E: Symbol mon_table multiply defined (by rtc.o and delay.o).
..\OUTPUT\Obj\StreetLightsControler.axf: Error: L6200E: Symbol Is_Leap_Year multiply defined (by rtc.o and delay.o).
..\OUTPUT\Obj\StreetLightsControler.axf: Error: L6200E: Symbol RTC_Get multiply defined (by rtc.o and delay.o).
..\OUTPUT\Obj\StreetLightsControler.axf: Error: L6200E: Symbol RTC_Get_Week multiply defined (by rtc.o and delay.o).
..\OUTPUT\Obj\StreetLightsControler.axf: Error: L6200E: Symbol RTC_Set multiply defined (by rtc.o and delay.o).
..\OUTPUT\Obj\StreetLightsControler.axf: Error: L6200E: Symbol SyncTimeFromNet multiply defined (by rtc.o and delay.o).
"..\OUTPUT\Obj\StreetLightsControler.axf" - 10 Errors, 0 Warning(s).
Target not created
Build target 'StreetLightsControler'
compiling delay.c...
linking...
Program Size: Code=12452 RO-data=1384 RW-data=2728 ZI-data=32152  
FromELF: creating hex file...
After Build - User command #1: C:\Keil\ARM\ARMCC\bin\fromelf.exe  --bin -o   ..\OUTPUT\Obj\StreetLightsControler.bin ..\OUTPUT\Obj\StreetLightsControler.axf
"..\OUTPUT\Obj\StreetLightsControler.axf" - 0 Errors, 0 Warning(s).
Load "..\\OUTPUT\\Obj\\StreetLightsControler.axf" 
* JLink Info: Device "STM32F103RE" selected (512 KB flash, 64 KB RAM).
Set JLink Project File to "F:\SZP\项目\单灯控制器\程序软件\SLC\MDK-ARM\JLinkSettings.ini"
 
JLink info:
------------
DLL: V4.40c, compiled Jan 24 2012 09:30:33
Firmware: J-Link ARM V8 compiled Nov 28 2014 13:44:46
Hardware: V8.00
Feature(s) : RDI,FlashDL,FlashBP,JFlash,GDBFULL 
 
* JLink Info: Found SWD-DP with ID 0x1BA01477
* JLink Info: TPIU fitted.
* JLink Info: ETM fitted.
* JLink Info:   FPUnit: 6 code (BP) slots and 2 literal slots
* JLink Info: Found Cortex-M3 r1p1, Little endian.
ROMTableAddr = 0xE00FF003
* JLink Info: Found SWD-DP with ID 0x1BA01477
* JLink Info: TPIU fitted.
* JLink Info: ETM fitted.
* JLink Info:   FPUnit: 6 code (BP) slots and 2 literal slots
* JLink Info: Found Cortex-M3 r1p1, Little endian.
 
Target info:
------------
Device: STM32F103RE
VTarget = 3.306V
State of Pins: 
TCK: 0, TDI: 0, TDO: 0, TMS: 1, TRES: 1, TRST: 1
Hardware-Breakpoints: 6
Software-Breakpoints: 8192
Watchpoints:          4
JTAG speed: 2000 kHz
 
Erase Done.
Programming Done.
Verify OK.
* JLink Info: Found SWD-DP with ID 0x1BA01477
* JLink Info: TPIU fitted.
* JLink Info: ETM fitted.
* JLink Info:   FPUnit: 6 code (BP) slots and 2 literal slots
* JLink Info: Found Cortex-M3 r1p1, Little endian.
Application running ...
Build target 'StreetLightsControler'
compiling rtc.c...
linking...
Program Size: Code=12472 RO-data=1384 RW-data=2732 ZI-data=32156  
FromELF: creating hex file...
After Build - User command #1: C:\Keil\ARM\ARMCC\bin\fromelf.exe  --bin -o   ..\OUTPUT\Obj\StreetLightsControler.bin ..\OUTPUT\Obj\StreetLightsControler.axf
"..\OUTPUT\Obj\StreetLightsControler.axf" - 0 Errors, 0 Warning(s).
Load "..\\OUTPUT\\Obj\\StreetLightsControler.axf" 
* JLink Info: Device "STM32F103RE" selected (512 KB flash, 64 KB RAM).
Set JLink Project File to "F:\SZP\项目\单灯控制器\程序软件\SLC\MDK-ARM\JLinkSettings.ini"
 
JLink info:
------------
DLL: V4.40c, compiled Jan 24 2012 09:30:33
Firmware: J-Link ARM V8 compiled Nov 28 2014 13:44:46
Hardware: V8.00
Feature(s) : RDI,FlashDL,FlashBP,JFlash,GDBFULL 
 
* JLink Info: Found SWD-DP with ID 0x1BA01477
* JLink Info: TPIU fitted.
* JLink Info: ETM fitted.
* JLink Info:   FPUnit: 6 code (BP) slots and 2 literal slots
* JLink Info: Found Cortex-M3 r1p1, Little endian.
ROMTableAddr = 0xE00FF003
* JLink Info: Found SWD-DP with ID 0x1BA01477
* JLink Info: TPIU fitted.
* JLink Info: ETM fitted.
* JLink Info:   FPUnit: 6 code (BP) slots and 2 literal slots
* JLink Info: Found Cortex-M3 r1p1, Little endian.
 
Target info:
------------
Device: STM32F103RE
VTarget = 3.300V
State of Pins: 
TCK: 0, TDI: 0, TDO: 0, TMS: 1, TRES: 1, TRST: 1
Hardware-Breakpoints: 6
Software-Breakpoints: 8192
Watchpoints:          4
JTAG speed: 2000 kHz
 
Erase Done.
Programming Done.
Verify OK.
* JLink Info: Found SWD-DP with ID 0x1BA01477
* JLink Info: TPIU fitted.
* JLink Info: ETM fitted.
* JLink Info:   FPUnit: 6 code (BP) slots and 2 literal slots
* JLink Info: Found Cortex-M3 r1p1, Little endian.
Application running ...
Build target 'StreetLightsControler'
compiling main.c...
linking...
Program Size: Code=12472 RO-data=1384 RW-data=2732 ZI-data=32156  
FromELF: creating hex file...
After Build - User command #1: C:\Keil\ARM\ARMCC\bin\fromelf.exe  --bin -o   ..\OUTPUT\Obj\StreetLightsControler.bin ..\OUTPUT\Obj\StreetLightsControler.axf
"..\OUTPUT\Obj\StreetLightsControler.axf" - 0 Errors, 0 Warning(s).
Load "..\\OUTPUT\\Obj\\StreetLightsControler.axf" 
* JLink Info: Device "STM32F103RE" selected (512 KB flash, 64 KB RAM).
Set JLink Project File to "F:\SZP\项目\单灯控制器\程序软件\SLC\MDK-ARM\JLinkSettings.ini"
 
JLink info:
------------
DLL: V4.40c, compiled Jan 24 2012 09:30:33
Firmware: J-Link ARM V8 compiled Nov 28 2014 13:44:46
Hardware: V8.00
Feature(s) : RDI,FlashDL,FlashBP,JFlash,GDBFULL 
 
* JLink Info: Found SWD-DP with ID 0x1BA01477
* JLink Info: TPIU fitted.
* JLink Info: ETM fitted.
* JLink Info:   FPUnit: 6 code (BP) slots and 2 literal slots
* JLink Info: Found Cortex-M3 r1p1, Little endian.
ROMTableAddr = 0xE00FF003
* JLink Info: Found SWD-DP with ID 0x1BA01477
* JLink Info: TPIU fitted.
* JLink Info: ETM fitted.
* JLink Info:   FPUnit: 6 code (BP) slots and 2 literal slots
* JLink Info: Found Cortex-M3 r1p1, Little endian.
 
Target info:
------------
Device: STM32F103RE
VTarget = 3.300V
State of Pins: 
TCK: 0, TDI: 0, TDO: 0, TMS: 1, TRES: 1, TRST: 1
Hardware-Breakpoints: 6
Software-Breakpoints: 8192
Watchpoints:          4
JTAG speed: 2000 kHz
 
Erase Done.
Programming Done.
Verify OK.
* JLink Info: Found SWD-DP with ID 0x1BA01477
* JLink Info: TPIU fitted.
* JLink Info: ETM fitted.
* JLink Info:   FPUnit: 6 code (BP) slots and 2 literal slots
* JLink Info: Found Cortex-M3 r1p1, Little endian.
Application running ...
Build target 'StreetLightsControler'
compiling rtc.c...
..\PERIPHERAL\rtc\rtc.c(15): warning:  #177-D: variable "EXTI_InitStructure" was declared but never referenced
linking...
Program Size: Code=12244 RO-data=1384 RW-data=2732 ZI-data=32156  
FromELF: creating hex file...
After Build - User command #1: C:\Keil\ARM\ARMCC\bin\fromelf.exe  --bin -o   ..\OUTPUT\Obj\StreetLightsControler.bin ..\OUTPUT\Obj\StreetLightsControler.axf
"..\OUTPUT\Obj\StreetLightsControler.axf" - 0 Errors, 1 Warning(s).
Load "..\\OUTPUT\\Obj\\StreetLightsControler.axf" 
* JLink Info: Device "STM32F103RE" selected (512 KB flash, 64 KB RAM).
Set JLink Project File to "F:\SZP\项目\单灯控制器\程序软件\SLC\MDK-ARM\JLinkSettings.ini"
 
JLink info:
------------
DLL: V4.40c, compiled Jan 24 2012 09:30:33
Firmware: J-Link ARM V8 compiled Nov 28 2014 13:44:46
Hardware: V8.00
Feature(s) : RDI,FlashDL,FlashBP,JFlash,GDBFULL 
 
* JLink Info: Found SWD-DP with ID 0x1BA01477
* JLink Info: TPIU fitted.
* JLink Info: ETM fitted.
* JLink Info:   FPUnit: 6 code (BP) slots and 2 literal slots
* JLink Info: Found Cortex-M3 r1p1, Little endian.
ROMTableAddr = 0xE00FF003
* JLink Info: Found SWD-DP with ID 0x1BA01477
* JLink Info: TPIU fitted.
* JLink Info: ETM fitted.
* JLink Info:   FPUnit: 6 code (BP) slots and 2 literal slots
* JLink Info: Found Cortex-M3 r1p1, Little endian.
 
Target info:
------------
Device: STM32F103RE
VTarget = 3.306V
State of Pins: 
TCK: 0, TDI: 0, TDO: 0, TMS: 1, TRES: 1, TRST: 1
Hardware-Breakpoints: 6
Software-Breakpoints: 8192
Watchpoints:          4
JTAG speed: 2000 kHz
 
Erase Done.
Programming Done.
Verify OK.
* JLink Info: Found SWD-DP with ID 0x1BA01477
* JLink Info: TPIU fitted.
* JLink Info: ETM fitted.
* JLink Info:   FPUnit: 6 code (BP) slots and 2 literal slots
* JLink Info: Found Cortex-M3 r1p1, Little endian.
Application running ...
Build target 'StreetLightsControler'
compiling main.c...
linking...
Program Size: Code=12236 RO-data=1384 RW-data=2732 ZI-data=32156  
FromELF: creating hex file...
After Build - User command #1: C:\Keil\ARM\ARMCC\bin\fromelf.exe  --bin -o   ..\OUTPUT\Obj\StreetLightsControler.bin ..\OUTPUT\Obj\StreetLightsControler.axf
"..\OUTPUT\Obj\StreetLightsControler.axf" - 0 Errors, 0 Warning(s).
Load "..\\OUTPUT\\Obj\\StreetLightsControler.axf" 
* JLink Info: Device "STM32F103RE" selected (512 KB flash, 64 KB RAM).
Set JLink Project File to "F:\SZP\项目\单灯控制器\程序软件\SLC\MDK-ARM\JLinkSettings.ini"
 
JLink info:
------------
DLL: V4.40c, compiled Jan 24 2012 09:30:33
Firmware: J-Link ARM V8 compiled Nov 28 2014 13:44:46
Hardware: V8.00
Feature(s) : RDI,FlashDL,FlashBP,JFlash,GDBFULL 
 
* JLink Info: Found SWD-DP with ID 0x1BA01477
* JLink Info: TPIU fitted.
* JLink Info: ETM fitted.
* JLink Info:   FPUnit: 6 code (BP) slots and 2 literal slots
* JLink Info: Found Cortex-M3 r1p1, Little endian.
ROMTableAddr = 0xE00FF003
* JLink Info: Found SWD-DP with ID 0x1BA01477
* JLink Info: TPIU fitted.
* JLink Info: ETM fitted.
* JLink Info:   FPUnit: 6 code (BP) slots and 2 literal slots
* JLink Info: Found Cortex-M3 r1p1, Little endian.
 
Target info:
------------
Device: STM32F103RE
VTarget = 3.306V
State of Pins: 
TCK: 0, TDI: 0, TDO: 0, TMS: 1, TRES: 1, TRST: 1
Hardware-Breakpoints: 6
Software-Breakpoints: 8192
Watchpoints:          4
JTAG speed: 2000 kHz
 
Erase Done.
Programming Done.
Verify OK.
* JLink Info: Found SWD-DP with ID 0x1BA01477
* JLink Info: TPIU fitted.
* JLink Info: ETM fitted.
* JLink Info:   FPUnit: 6 code (BP) slots and 2 literal slots
* JLink Info: Found Cortex-M3 r1p1, Little endian.
Application running ...
Build target 'StreetLightsControler'
compiling sys.c...
compiling rtc.c...
linking...
..\OUTPUT\Obj\StreetLightsControler.axf: Error: L6218E: Undefined symbol RtcStop (referred from rtc.o).
..\OUTPUT\Obj\StreetLightsControler.axf: Error: L6218E: Undefined symbol RtcTick (referred from rtc.o).
"..\OUTPUT\Obj\StreetLightsControler.axf" - 2 Errors, 0 Warning(s).
Target not created
Build target 'StreetLightsControler'
compiling main.c...
compiling rtc.c...
linking...
Program Size: Code=12196 RO-data=1384 RW-data=2728 ZI-data=32152  
FromELF: creating hex file...
After Build - User command #1: C:\Keil\ARM\ARMCC\bin\fromelf.exe  --bin -o   ..\OUTPUT\Obj\StreetLightsControler.bin ..\OUTPUT\Obj\StreetLightsControler.axf
"..\OUTPUT\Obj\StreetLightsControler.axf" - 0 Errors, 0 Warning(s).
Load "..\\OUTPUT\\Obj\\StreetLightsControler.axf" 
* JLink Info: Device "STM32F103RE" selected (512 KB flash, 64 KB RAM).
Set JLink Project File to "F:\SZP\项目\单灯控制器\程序软件\SLC\MDK-ARM\JLinkSettings.ini"
 
JLink info:
------------
DLL: V4.40c, compiled Jan 24 2012 09:30:33
Firmware: J-Link ARM V8 compiled Nov 28 2014 13:44:46
Hardware: V8.00
Feature(s) : RDI,FlashDL,FlashBP,JFlash,GDBFULL 
 
* JLink Info: Found SWD-DP with ID 0x1BA01477
* JLink Info: TPIU fitted.
* JLink Info: ETM fitted.
* JLink Info:   FPUnit: 6 code (BP) slots and 2 literal slots
* JLink Info: Found Cortex-M3 r1p1, Little endian.
ROMTableAddr = 0xE00FF003
* JLink Info: Found SWD-DP with ID 0x1BA01477
* JLink Info: TPIU fitted.
* JLink Info: ETM fitted.
* JLink Info:   FPUnit: 6 code (BP) slots and 2 literal slots
* JLink Info: Found Cortex-M3 r1p1, Little endian.
 
Target info:
------------
Device: STM32F103RE
VTarget = 3.300V
State of Pins: 
TCK: 0, TDI: 0, TDO: 0, TMS: 1, TRES: 1, TRST: 1
Hardware-Breakpoints: 6
Software-Breakpoints: 8192
Watchpoints:          4
JTAG speed: 2000 kHz
 
Erase Done.
Programming Done.
Verify OK.
* JLink Info: Found SWD-DP with ID 0x1BA01477
* JLink Info: TPIU fitted.
* JLink Info: ETM fitted.
* JLink Info:   FPUnit: 6 code (BP) slots and 2 literal slots
* JLink Info: Found Cortex-M3 r1p1, Little endian.
Application running ...
Build target 'StreetLightsControler'
linking...
Program Size: Code=12196 RO-data=1384 RW-data=2728 ZI-data=32152  
FromELF: creating hex file...
After Build - User command #1: C:\Keil\ARM\ARMCC\bin\fromelf.exe  --bin -o   ..\OUTPUT\Obj\StreetLightsControler.bin ..\OUTPUT\Obj\StreetLightsControler.axf
"..\OUTPUT\Obj\StreetLightsControler.axf" - 0 Errors, 0 Warning(s).
Load "..\\OUTPUT\\Obj\\StreetLightsControler.axf" 
* JLink Info: Device "STM32F103RE" selected (512 KB flash, 64 KB RAM).
Set JLink Project File to "F:\SZP\项目\单灯控制器\程序软件\SLC\MDK-ARM\JLinkSettings.ini"
 
JLink info:
------------
DLL: V4.40c, compiled Jan 24 2012 09:30:33
Firmware: J-Link ARM V8 compiled Nov 28 2014 13:44:46
Hardware: V8.00
Feature(s) : RDI,FlashDL,FlashBP,JFlash,GDBFULL 
 
* JLink Info: Found SWD-DP with ID 0x1BA01477
* JLink Info: TPIU fitted.
* JLink Info: ETM fitted.
* JLink Info:   FPUnit: 6 code (BP) slots and 2 literal slots
* JLink Info: Found Cortex-M3 r1p1, Little endian.
ROMTableAddr = 0xE00FF003
* JLink Info: Found SWD-DP with ID 0x1BA01477
* JLink Info: TPIU fitted.
* JLink Info: ETM fitted.
* JLink Info:   FPUnit: 6 code (BP) slots and 2 literal slots
* JLink Info: Found Cortex-M3 r1p1, Little endian.
 
Target info:
------------
Device: STM32F103RE
VTarget = 3.300V
State of Pins: 
TCK: 0, TDI: 0, TDO: 0, TMS: 1, TRES: 1, TRST: 1
Hardware-Breakpoints: 6
Software-Breakpoints: 8192
Watchpoints:          4
JTAG speed: 2000 kHz
 
Erase Done.
Programming Done.
Verify OK.
* JLink Info: Found SWD-DP with ID 0x1BA01477
* JLink Info: TPIU fitted.
* JLink Info: ETM fitted.
* JLink Info:   FPUnit: 6 code (BP) slots and 2 literal slots
* JLink Info: Found Cortex-M3 r1p1, Little endian.
Application running ...
Build target 'StreetLightsControler'
compiling rtc.c...
linking...
Program Size: Code=12196 RO-data=1384 RW-data=2728 ZI-data=32152  
FromELF: creating hex file...
After Build - User command #1: C:\Keil\ARM\ARMCC\bin\fromelf.exe  --bin -o   ..\OUTPUT\Obj\StreetLightsControler.bin ..\OUTPUT\Obj\StreetLightsControler.axf
"..\OUTPUT\Obj\StreetLightsControler.axf" - 0 Errors, 0 Warning(s).
Build target 'StreetLightsControler'
compiling rtc.c...
linking...
Program Size: Code=12236 RO-data=1384 RW-data=2728 ZI-data=32152  
FromELF: creating hex file...
After Build - User command #1: C:\Keil\ARM\ARMCC\bin\fromelf.exe  --bin -o   ..\OUTPUT\Obj\StreetLightsControler.bin ..\OUTPUT\Obj\StreetLightsControler.axf
"..\OUTPUT\Obj\StreetLightsControler.axf" - 0 Errors, 0 Warning(s).
Load "..\\OUTPUT\\Obj\\StreetLightsControler.axf" 
* JLink Info: Device "STM32F103RE" selected (512 KB flash, 64 KB RAM).
Set JLink Project File to "F:\SZP\项目\单灯控制器\程序软件\SLC\MDK-ARM\JLinkSettings.ini"
 
JLink info:
------------
DLL: V4.40c, compiled Jan 24 2012 09:30:33
Firmware: J-Link ARM V8 compiled Nov 28 2014 13:44:46
Hardware: V8.00
Feature(s) : RDI,FlashDL,FlashBP,JFlash,GDBFULL 
 
* JLink Info: Found SWD-DP with ID 0x1BA01477
* JLink Info: TPIU fitted.
* JLink Info: ETM fitted.
* JLink Info:   FPUnit: 6 code (BP) slots and 2 literal slots
* JLink Info: Found Cortex-M3 r1p1, Little endian.
ROMTableAddr = 0xE00FF003
* JLink Info: Found SWD-DP with ID 0x1BA01477
* JLink Info: TPIU fitted.
* JLink Info: ETM fitted.
* JLink Info:   FPUnit: 6 code (BP) slots and 2 literal slots
* JLink Info: Found Cortex-M3 r1p1, Little endian.
 
Target info:
------------
Device: STM32F103RE
VTarget = 3.306V
State of Pins: 
TCK: 0, TDI: 0, TDO: 0, TMS: 1, TRES: 1, TRST: 1
Hardware-Breakpoints: 6
Software-Breakpoints: 8192
Watchpoints:          4
JTAG speed: 2000 kHz
 
Erase Done.
Programming Done.
Verify OK.
* JLink Info: Found SWD-DP with ID 0x1BA01477
* JLink Info: TPIU fitted.
* JLink Info: ETM fitted.
* JLink Info:   FPUnit: 6 code (BP) slots and 2 literal slots
* JLink Info: Found Cortex-M3 r1p1, Little endian.
Application running ...
Build target 'StreetLightsControler'
compiling rtc.c...
linking...
Program Size: Code=12236 RO-data=1384 RW-data=2728 ZI-data=32152  
FromELF: creating hex file...
After Build - User command #1: C:\Keil\ARM\ARMCC\bin\fromelf.exe  --bin -o   ..\OUTPUT\Obj\StreetLightsControler.bin ..\OUTPUT\Obj\StreetLightsControler.axf
"..\OUTPUT\Obj\StreetLightsControler.axf" - 0 Errors, 0 Warning(s).
Load "..\\OUTPUT\\Obj\\StreetLightsControler.axf" 
* JLink Info: Device "STM32F103RE" selected (512 KB flash, 64 KB RAM).
Set JLink Project File to "F:\SZP\项目\单灯控制器\程序软件\SLC\MDK-ARM\JLinkSettings.ini"
 
JLink info:
------------
DLL: V4.40c, compiled Jan 24 2012 09:30:33
Firmware: J-Link ARM V8 compiled Nov 28 2014 13:44:46
Hardware: V8.00
Feature(s) : RDI,FlashDL,FlashBP,JFlash,GDBFULL 
 
* JLink Info: Found SWD-DP with ID 0x1BA01477
* JLink Info: TPIU fitted.
* JLink Info: ETM fitted.
* JLink Info:   FPUnit: 6 code (BP) slots and 2 literal slots
* JLink Info: Found Cortex-M3 r1p1, Little endian.
ROMTableAddr = 0xE00FF003
* JLink Info: Found SWD-DP with ID 0x1BA01477
* JLink Info: TPIU fitted.
* JLink Info: ETM fitted.
* JLink Info:   FPUnit: 6 code (BP) slots and 2 literal slots
* JLink Info: Found Cortex-M3 r1p1, Little endian.
 
Target info:
------------
Device: STM32F103RE
VTarget = 3.300V
State of Pins: 
TCK: 0, TDI: 0, TDO: 0, TMS: 1, TRES: 1, TRST: 1
Hardware-Breakpoints: 6
Software-Breakpoints: 8192
Watchpoints:          4
JTAG speed: 2000 kHz
 
Erase Done.
Programming Done.
Verify OK.
* JLink Info: Found SWD-DP with ID 0x1BA01477
* JLink Info: TPIU fitted.
* JLink Info: ETM fitted.
* JLink Info:   FPUnit: 6 code (BP) slots and 2 literal slots
* JLink Info: Found Cortex-M3 r1p1, Little endian.
Application running ...
Build target 'StreetLightsControler'
compiling sys.c...
linking...
Program Size: Code=12236 RO-data=1384 RW-data=2728 ZI-data=32152  
FromELF: creating hex file...
After Build - User command #1: C:\Keil\ARM\ARMCC\bin\fromelf.exe  --bin -o   ..\OUTPUT\Obj\StreetLightsControler.bin ..\OUTPUT\Obj\StreetLightsControler.axf
"..\OUTPUT\Obj\StreetLightsControler.axf" - 0 Errors, 0 Warning(s).
Load "..\\OUTPUT\\Obj\\StreetLightsControler.axf" 
* JLink Info: Device "STM32F103RE" selected (512 KB flash, 64 KB RAM).
Set JLink Project File to "F:\SZP\项目\单灯控制器\程序软件\SLC\MDK-ARM\JLinkSettings.ini"
 
JLink info:
------------
DLL: V4.40c, compiled Jan 24 2012 09:30:33
Firmware: J-Link ARM V8 compiled Nov 28 2014 13:44:46
Hardware: V8.00
Feature(s) : RDI,FlashDL,FlashBP,JFlash,GDBFULL 
 
* JLink Info: Found SWD-DP with ID 0x1BA01477
* JLink Info: TPIU fitted.
* JLink Info: ETM fitted.
* JLink Info:   FPUnit: 6 code (BP) slots and 2 literal slots
* JLink Info: Found Cortex-M3 r1p1, Little endian.
ROMTableAddr = 0xE00FF003
* JLink Info: Found SWD-DP with ID 0x1BA01477
* JLink Info: TPIU fitted.
* JLink Info: ETM fitted.
* JLink Info:   FPUnit: 6 code (BP) slots and 2 literal slots
* JLink Info: Found Cortex-M3 r1p1, Little endian.
 
Target info:
------------
Device: STM32F103RE
VTarget = 3.300V
State of Pins: 
TCK: 0, TDI: 0, TDO: 0, TMS: 1, TRES: 1, TRST: 1
Hardware-Breakpoints: 6
Software-Breakpoints: 8192
Watchpoints:          4
JTAG speed: 2000 kHz
 
Erase Done.
Programming Done.
Verify OK.
* JLink Info: Found SWD-DP with ID 0x1BA01477
* JLink Info: TPIU fitted.
* JLink Info: ETM fitted.
* JLink Info:   FPUnit: 6 code (BP) slots and 2 literal slots
* JLink Info: Found Cortex-M3 r1p1, Little endian.
Application running ...
Build target 'StreetLightsControler'
compiling rtc.c...
linking...
Program Size: Code=12236 RO-data=1384 RW-data=2728 ZI-data=32152  
FromELF: creating hex file...
After Build - User command #1: C:\Keil\ARM\ARMCC\bin\fromelf.exe  --bin -o   ..\OUTPUT\Obj\StreetLightsControler.bin ..\OUTPUT\Obj\StreetLightsControler.axf
"..\OUTPUT\Obj\StreetLightsControler.axf" - 0 Errors, 0 Warning(s).
Load "..\\OUTPUT\\Obj\\StreetLightsControler.axf" 
* JLink Info: Device "STM32F103RE" selected (512 KB flash, 64 KB RAM).
Set JLink Project File to "F:\SZP\项目\单灯控制器\程序软件\SLC\MDK-ARM\JLinkSettings.ini"
 
JLink info:
------------
DLL: V4.40c, compiled Jan 24 2012 09:30:33
Firmware: J-Link ARM V8 compiled Nov 28 2014 13:44:46
Hardware: V8.00
Feature(s) : RDI,FlashDL,FlashBP,JFlash,GDBFULL 
 
* JLink Info: Found SWD-DP with ID 0x1BA01477
* JLink Info: TPIU fitted.
* JLink Info: ETM fitted.
* JLink Info:   FPUnit: 6 code (BP) slots and 2 literal slots
* JLink Info: Found Cortex-M3 r1p1, Little endian.
ROMTableAddr = 0xE00FF003
* JLink Info: Found SWD-DP with ID 0x1BA01477
* JLink Info: TPIU fitted.
* JLink Info: ETM fitted.
* JLink Info:   FPUnit: 6 code (BP) slots and 2 literal slots
* JLink Info: Found Cortex-M3 r1p1, Little endian.
 
Target info:
------------
Device: STM32F103RE
VTarget = 3.300V
State of Pins: 
TCK: 0, TDI: 0, TDO: 0, TMS: 1, TRES: 1, TRST: 1
Hardware-Breakpoints: 6
Software-Breakpoints: 8192
Watchpoints:          4
JTAG speed: 2000 kHz
 
Erase Done.
Programming Done.
Verify OK.
* JLink Info: Found SWD-DP with ID 0x1BA01477
* JLink Info: TPIU fitted.
* JLink Info: ETM fitted.
* JLink Info:   FPUnit: 6 code (BP) slots and 2 literal slots
* JLink Info: Found Cortex-M3 r1p1, Little endian.
Application running ...
Build target 'StreetLightsControler'
compiling rtc.c...
linking...
Program Size: Code=12196 RO-data=1384 RW-data=2728 ZI-data=32152  
FromELF: creating hex file...
After Build - User command #1: C:\Keil\ARM\ARMCC\bin\fromelf.exe  --bin -o   ..\OUTPUT\Obj\StreetLightsControler.bin ..\OUTPUT\Obj\StreetLightsControler.axf
"..\OUTPUT\Obj\StreetLightsControler.axf" - 0 Errors, 0 Warning(s).
Load "..\\OUTPUT\\Obj\\StreetLightsControler.axf" 
* JLink Info: Device "STM32F103RE" selected (512 KB flash, 64 KB RAM).
Set JLink Project File to "F:\SZP\项目\单灯控制器\程序软件\SLC\MDK-ARM\JLinkSettings.ini"
 
JLink info:
------------
DLL: V4.40c, compiled Jan 24 2012 09:30:33
Firmware: J-Link ARM V8 compiled Nov 28 2014 13:44:46
Hardware: V8.00
Feature(s) : RDI,FlashDL,FlashBP,JFlash,GDBFULL 
 
* JLink Info: Found SWD-DP with ID 0x1BA01477
* JLink Info: TPIU fitted.
* JLink Info: ETM fitted.
* JLink Info:   FPUnit: 6 code (BP) slots and 2 literal slots
* JLink Info: Found Cortex-M3 r1p1, Little endian.
ROMTableAddr = 0xE00FF003
* JLink Info: Found SWD-DP with ID 0x1BA01477
* JLink Info: TPIU fitted.
* JLink Info: ETM fitted.
* JLink Info:   FPUnit: 6 code (BP) slots and 2 literal slots
* JLink Info: Found Cortex-M3 r1p1, Little endian.
 
Target info:
------------
Device: STM32F103RE
VTarget = 3.300V
State of Pins: 
TCK: 0, TDI: 0, TDO: 0, TMS: 1, TRES: 1, TRST: 1
Hardware-Breakpoints: 6
Software-Breakpoints: 8192
Watchpoints:          4
JTAG speed: 2000 kHz
 
Erase Done.
Programming Done.
Verify OK.
* JLink Info: Found SWD-DP with ID 0x1BA01477
* JLink Info: TPIU fitted.
* JLink Info: ETM fitted.
* JLink Info:   FPUnit: 6 code (BP) slots and 2 literal slots
* JLink Info: Found Cortex-M3 r1p1, Little endian.
Application running ...
Build target 'StreetLightsControler'
compiling sys.c...
linking...
Program Size: Code=12196 RO-data=1384 RW-data=2728 ZI-data=32152  
FromELF: creating hex file...
After Build - User command #1: C:\Keil\ARM\ARMCC\bin\fromelf.exe  --bin -o   ..\OUTPUT\Obj\StreetLightsControler.bin ..\OUTPUT\Obj\StreetLightsControler.axf
"..\OUTPUT\Obj\StreetLightsControler.axf" - 0 Errors, 0 Warning(s).
Load "..\\OUTPUT\\Obj\\StreetLightsControler.axf" 
* JLink Info: Device "STM32F103RE" selected (512 KB flash, 64 KB RAM).
Set JLink Project File to "F:\SZP\项目\单灯控制器\程序软件\SLC\MDK-ARM\JLinkSettings.ini"
 
JLink info:
------------
DLL: V4.40c, compiled Jan 24 2012 09:30:33
Firmware: J-Link ARM V8 compiled Nov 28 2014 13:44:46
Hardware: V8.00
Feature(s) : RDI,FlashDL,FlashBP,JFlash,GDBFULL 
 
* JLink Info: Found SWD-DP with ID 0x1BA01477
* JLink Info: TPIU fitted.
* JLink Info: ETM fitted.
* JLink Info:   FPUnit: 6 code (BP) slots and 2 literal slots
* JLink Info: Found Cortex-M3 r1p1, Little endian.
ROMTableAddr = 0xE00FF003
* JLink Info: Found SWD-DP with ID 0x1BA01477
* JLink Info: TPIU fitted.
* JLink Info: ETM fitted.
* JLink Info:   FPUnit: 6 code (BP) slots and 2 literal slots
* JLink Info: Found Cortex-M3 r1p1, Little endian.
 
Target info:
------------
Device: STM32F103RE
VTarget = 3.306V
State of Pins: 
TCK: 0, TDI: 0, TDO: 0, TMS: 1, TRES: 1, TRST: 1
Hardware-Breakpoints: 6
Software-Breakpoints: 8192
Watchpoints:          4
JTAG speed: 2000 kHz
 
Erase Done.
Programming Done.
Verify OK.
* JLink Info: Found SWD-DP with ID 0x1BA01477
* JLink Info: TPIU fitted.
* JLink Info: ETM fitted.
* JLink Info:   FPUnit: 6 code (BP) slots and 2 literal slots
* JLink Info: Found Cortex-M3 r1p1, Little endian.
Application running ...
Rebuild target 'StreetLightsControler'
compiling main.c...
compiling common.c...
compiling core_cm3.c...
assembling startup_stm32f10x_hd.s...
compiling system_stm32f10x.c...
compiling delay.c...
compiling sys.c...
compiling iic1.c...
compiling iic2.c...
compiling rtc.c...
compiling 24cxx.c...
compiling sht2x.c...
compiling bh1750.c...
compiling led.c...
compiling misc.c...
compiling stm32f10x_adc.c...
compiling stm32f10x_bkp.c...
compiling stm32f10x_can.c...
compiling stm32f10x_cec.c...
compiling stm32f10x_crc.c...
compiling stm32f10x_dac.c...
compiling stm32f10x_dbgmcu.c...
compiling stm32f10x_dma.c...
compiling stm32f10x_exti.c...
compiling stm32f10x_flash.c...
compiling stm32f10x_fsmc.c...
compiling stm32f10x_gpio.c...
compiling stm32f10x_i2c.c...
compiling stm32f10x_iwdg.c...
compiling stm32f10x_pwr.c...
compiling stm32f10x_rcc.c...
compiling stm32f10x_rtc.c...
compiling stm32f10x_sdio.c...
compiling stm32f10x_spi.c...
compiling stm32f10x_tim.c...
compiling stm32f10x_usart.c...
compiling stm32f10x_wwdg.c...
compiling malloc.c...
compiling croutine.c...
compiling event_groups.c...
compiling list.c...
compiling port.c...
compiling queue.c...
compiling tasks.c...
compiling timers.c...
linking...
Program Size: Code=12196 RO-data=1384 RW-data=2728 ZI-data=32152  
FromELF: creating hex file...
After Build - User command #1: C:\Keil\ARM\ARMCC\bin\fromelf.exe  --bin -o   ..\OUTPUT\Obj\StreetLightsControler.bin ..\OUTPUT\Obj\StreetLightsControler.axf
"..\OUTPUT\Obj\StreetLightsControler.axf" - 0 Errors, 0 Warning(s).
Build target 'StreetLightsControler'
compiling rtc.c...
linking...
Program Size: Code=12196 RO-data=1384 RW-data=2728 ZI-data=32152  
FromELF: creating hex file...
After Build - User command #1: C:\Keil\ARM\ARMCC\bin\fromelf.exe  --bin -o   ..\OUTPUT\Obj\StreetLightsControler.bin ..\OUTPUT\Obj\StreetLightsControler.axf
"..\OUTPUT\Obj\StreetLightsControler.axf" - 0 Errors, 0 Warning(s).
Build target 'StreetLightsControler'
linking...
Program Size: Code=12196 RO-data=1384 RW-data=2728 ZI-data=32152  
FromELF: creating hex file...
After Build - User command #1: C:\Keil\ARM\ARMCC\bin\fromelf.exe  --bin -o   ..\OUTPUT\Obj\StreetLightsControler.bin ..\OUTPUT\Obj\StreetLightsControler.axf
"..\OUTPUT\Obj\StreetLightsControler.axf" - 0 Errors, 0 Warning(s).
Build target 'StreetLightsControler'
compiling led.c...
linking...
Program Size: Code=12204 RO-data=1384 RW-data=2728 ZI-data=32152  
FromELF: creating hex file...
After Build - User command #1: C:\Keil\ARM\ARMCC\bin\fromelf.exe  --bin -o   ..\OUTPUT\Obj\StreetLightsControler.bin ..\OUTPUT\Obj\StreetLightsControler.axf
"..\OUTPUT\Obj\StreetLightsControler.axf" - 0 Errors, 0 Warning(s).
Build target 'StreetLightsControler'
compiling main.c...
compiling common.c...
compiling core_cm3.c...
compiling system_stm32f10x.c...
compiling delay.c...
compiling sys.c...
compiling iic1.c...
compiling iic2.c...
compiling rtc.c...
compiling usart.c...
..\PERIPHERAL\usart\usart.c(304): error:  #20: identifier "Usart3RxCnt" is undefined
..\PERIPHERAL\usart\usart.c(304): error:  #20: identifier "Usart3RxLen" is undefined
..\PERIPHERAL\usart\usart.c(304): error:  #20: identifier "Usart3Busy" is undefined
..\PERIPHERAL\usart\usart.c(306): error:  #20: identifier "Usart3RxBuf" is undefined
..\PERIPHERAL\usart\usart.c(313): warning:  #223-D: function "Usart3FrameSend" declared implicitly
..\PERIPHERAL\usart\usart.c(349): error:  #20: identifier "wifi" is undefined
..\PERIPHERAL\usart\usart.c(417): error:  #20: identifier "Usart3RxCnt" is undefined
..\PERIPHERAL\usart\usart.c(419): error:  #20: identifier "OldUsart3RxCnt" is undefined
..\PERIPHERAL\usart\usart.c(421): error:  #20: identifier "Usart3FrameLen" is undefined
..\PERIPHERAL\usart\usart.c(424): error:  #20: identifier "Usart3RecvEnd" is undefined
..\PERIPHERAL\usart\usart.c(463): warning:  #223-D: function "memset" declared implicitly
..\PERIPHERAL\usart\usart.c(479): warning:  #223-D: function "memset" declared implicitly
..\PERIPHERAL\usart\usart.c(483): error:  #159: declaration is incompatible with previous "Usart3FrameSend" (declared at line 313)
..\PERIPHERAL\usart\usart.c(486): error:  #20: identifier "Usart3TxBuf" is undefined
..\PERIPHERAL\usart\usart.c(486): error:  #20: identifier "Usart3SendNum" is undefined
..\PERIPHERAL\usart\usart.c(489): error:  #20: identifier "Usart3SendLen" is undefined
..\PERIPHERAL\usart\usart.c(491): error:  #20: identifier "Usart3Busy" is undefined
..\PERIPHERAL\usart\usart.c(495): warning:  #223-D: function "memset" declared implicitly
..\PERIPHERAL\usart\usart.c(495): error:  #20: identifier "Usart3TxLen" is undefined
..\PERIPHERAL\usart\usart.c(511): warning:  #223-D: function "memset" declared implicitly
..\PERIPHERAL\usart\usart.c(549): warning:  #223-D: function "RunSysTick" declared implicitly
..\PERIPHERAL\usart\usart.c(554): warning:  #223-D: function "GetNoiseValue" declared implicitly
..\PERIPHERAL\usart\usart.c(559): warning:  #223-D: function "MyStrstr" declared implicitly
..\PERIPHERAL\usart\usart.c(561): warning:  #223-D: function "memset" declared implicitly
..\PERIPHERAL\usart\usart.c(563): warning:  #223-D: function "STMFLASH_ReadProtection" declared implicitly
..\PERIPHERAL\usart\usart.c(573): warning:  #223-D: function "SysSecSubtract" declared implicitly
..\PERIPHERAL\usart\usart.c(574): warning:  #223-D: function "TaskSecSubtract" declared implicitly
compiling 24cxx.c...
compiling sht2x.c...
compiling bh1750.c...
compiling led.c...
compiling misc.c...
compiling stm32f10x_adc.c...
compiling stm32f10x_bkp.c...
compiling stm32f10x_can.c...
compiling stm32f10x_cec.c...
compiling stm32f10x_crc.c...
compiling stm32f10x_dac.c...
compiling stm32f10x_dbgmcu.c...
compiling stm32f10x_dma.c...
compiling stm32f10x_exti.c...
compiling stm32f10x_flash.c...
compiling stm32f10x_fsmc.c...
compiling stm32f10x_gpio.c...
compiling stm32f10x_i2c.c...
compiling stm32f10x_iwdg.c...
compiling stm32f10x_pwr.c...
compiling stm32f10x_rcc.c...
compiling stm32f10x_rtc.c...
compiling stm32f10x_sdio.c...
compiling stm32f10x_spi.c...
compiling stm32f10x_tim.c...
compiling stm32f10x_usart.c...
compiling stm32f10x_wwdg.c...
compiling malloc.c...
compiling croutine.c...
compiling event_groups.c...
compiling list.c...
compiling port.c...
compiling queue.c...
compiling tasks.c...
compiling timers.c...
"..\OUTPUT\Obj\StreetLightsControler.axf" - 15 Errors, 12 Warning(s).
Target not created
Build target 'StreetLightsControler'
compiling main.c...
compiling common.c...
compiling delay.c...
compiling rtc.c...
compiling usart.c...
compiling 24cxx.c...
compiling sht2x.c...
linking...
Program Size: Code=13696 RO-data=1384 RW-data=3292 ZI-data=33820  
FromELF: creating hex file...
After Build - User command #1: C:\Keil\ARM\ARMCC\bin\fromelf.exe  --bin -o   ..\OUTPUT\Obj\StreetLightsControler.bin ..\OUTPUT\Obj\StreetLightsControler.axf
"..\OUTPUT\Obj\StreetLightsControler.axf" - 0 Errors, 0 Warning(s).
Build target 'StreetLightsControler'
compiling main.c...
compiling delay.c...
compiling sys.c...
compiling usart.c...
linking...
Program Size: Code=13564 RO-data=1384 RW-data=3272 ZI-data=33800  
FromELF: creating hex file...
After Build - User command #1: C:\Keil\ARM\ARMCC\bin\fromelf.exe  --bin -o   ..\OUTPUT\Obj\StreetLightsControler.bin ..\OUTPUT\Obj\StreetLightsControler.axf
"..\OUTPUT\Obj\StreetLightsControler.axf" - 0 Errors, 0 Warning(s).
Load "..\\OUTPUT\\Obj\\StreetLightsControler.axf" 
* JLink Info: Device "STM32F103RE" selected (512 KB flash, 64 KB RAM).
Set JLink Project File to "F:\SZP\项目\单灯控制器\程序软件\SLC\MDK-ARM\JLinkSettings.ini"
 
JLink info:
------------
DLL: V4.40c, compiled Jan 24 2012 09:30:33
Firmware: J-Link ARM V8 compiled Nov 28 2014 13:44:46
Hardware: V8.00
Feature(s) : RDI,FlashDL,FlashBP,JFlash,GDBFULL 
 
* JLink Info: Found SWD-DP with ID 0x1BA01477
* JLink Info: TPIU fitted.
* JLink Info: ETM fitted.
* JLink Info:   FPUnit: 6 code (BP) slots and 2 literal slots
* JLink Info: Found Cortex-M3 r1p1, Little endian.
ROMTableAddr = 0xE00FF003
* JLink Info: Found SWD-DP with ID 0x1BA01477
* JLink Info: TPIU fitted.
* JLink Info: ETM fitted.
* JLink Info:   FPUnit: 6 code (BP) slots and 2 literal slots
* JLink Info: Found Cortex-M3 r1p1, Little endian.
 
Target info:
------------
Device: STM32F103RE
VTarget = 3.306V
State of Pins: 
TCK: 0, TDI: 0, TDO: 0, TMS: 1, TRES: 1, TRST: 1
Hardware-Breakpoints: 6
Software-Breakpoints: 8192
Watchpoints:          4
JTAG speed: 2000 kHz
 
Erase Done.
Programming Done.
Verify OK.
* JLink Info: Found SWD-DP with ID 0x1BA01477
* JLink Info: TPIU fitted.
* JLink Info: ETM fitted.
* JLink Info:   FPUnit: 6 code (BP) slots and 2 literal slots
* JLink Info: Found Cortex-M3 r1p1, Little endian.
Application running ...
Build target 'StreetLightsControler'
compiling main.c...
compiling usart.c...
linking...
Program Size: Code=15020 RO-data=1384 RW-data=3292 ZI-data=33796  
FromELF: creating hex file...
After Build - User command #1: C:\Keil\ARM\ARMCC\bin\fromelf.exe  --bin -o   ..\OUTPUT\Obj\StreetLightsControler.bin ..\OUTPUT\Obj\StreetLightsControler.axf
"..\OUTPUT\Obj\StreetLightsControler.axf" - 0 Errors, 0 Warning(s).
Build target 'StreetLightsControler'
compiling usart.c...
linking...
Program Size: Code=15020 RO-data=1384 RW-data=3292 ZI-data=33796  
FromELF: creating hex file...
After Build - User command #1: C:\Keil\ARM\ARMCC\bin\fromelf.exe  --bin -o   ..\OUTPUT\Obj\StreetLightsControler.bin ..\OUTPUT\Obj\StreetLightsControler.axf
"..\OUTPUT\Obj\StreetLightsControler.axf" - 0 Errors, 0 Warning(s).
Load "..\\OUTPUT\\Obj\\StreetLightsControler.axf" 
* JLink Info: Device "STM32F103RE" selected (512 KB flash, 64 KB RAM).
Set JLink Project File to "F:\SZP\项目\单灯控制器\程序软件\SLC\MDK-ARM\JLinkSettings.ini"
 
JLink info:
------------
DLL: V4.40c, compiled Jan 24 2012 09:30:33
Firmware: J-Link ARM V8 compiled Nov 28 2014 13:44:46
Hardware: V8.00
Feature(s) : RDI,FlashDL,FlashBP,JFlash,GDBFULL 
 
**JLink Warning: RESET (pin 15) high, but should be low. Please check target hardware.
***JLink Error: Supply voltage too low (1 Volt is required, Measured: 0.0 Volt).
Please check target power.
Build target 'StreetLightsControler'
linking...
Program Size: Code=15020 RO-data=1384 RW-data=3292 ZI-data=33796  
FromELF: creating hex file...
After Build - User command #1: C:\Keil\ARM\ARMCC\bin\fromelf.exe  --bin -o   ..\OUTPUT\Obj\StreetLightsControler.bin ..\OUTPUT\Obj\StreetLightsControler.axf
"..\OUTPUT\Obj\StreetLightsControler.axf" - 0 Errors, 0 Warning(s).
Load "..\\OUTPUT\\Obj\\StreetLightsControler.axf" 
* JLink Info: Device "STM32F103RE" selected (512 KB flash, 64 KB RAM).
Set JLink Project File to "F:\SZP\项目\单灯控制器\程序软件\SLC\MDK-ARM\JLinkSettings.ini"
 
JLink info:
------------
DLL: V4.40c, compiled Jan 24 2012 09:30:33
Firmware: J-Link ARM V8 compiled Nov 28 2014 13:44:46
Hardware: V8.00
Feature(s) : RDI,FlashDL,FlashBP,JFlash,GDBFULL 
 
* JLink Info: Found SWD-DP with ID 0x1BA01477
* JLink Info: TPIU fitted.
* JLink Info: ETM fitted.
* JLink Info:   FPUnit: 6 code (BP) slots and 2 literal slots
* JLink Info: Found Cortex-M3 r1p1, Little endian.
ROMTableAddr = 0xE00FF003
* JLink Info: Found SWD-DP with ID 0x1BA01477
* JLink Info: TPIU fitted.
* JLink Info: ETM fitted.
* JLink Info:   FPUnit: 6 code (BP) slots and 2 literal slots
* JLink Info: Found Cortex-M3 r1p1, Little endian.
 
Target info:
------------
Device: STM32F103RE
VTarget = 3.300V
State of Pins: 
TCK: 0, TDI: 0, TDO: 0, TMS: 1, TRES: 1, TRST: 1
Hardware-Breakpoints: 6
Software-Breakpoints: 8192
Watchpoints:          4
JTAG speed: 2000 kHz
 
Erase Done.
Programming Done.
Verify OK.
* JLink Info: Found SWD-DP with ID 0x1BA01477
* JLink Info: TPIU fitted.
* JLink Info: ETM fitted.
* JLink Info:   FPUnit: 6 code (BP) slots and 2 literal slots
* JLink Info: Found Cortex-M3 r1p1, Little endian.
Application running ...
Build target 'StreetLightsControler'
compiling main.c...
linking...
Program Size: Code=15124 RO-data=1384 RW-data=3292 ZI-data=33796  
FromELF: creating hex file...
After Build - User command #1: C:\Keil\ARM\ARMCC\bin\fromelf.exe  --bin -o   ..\OUTPUT\Obj\StreetLightsControler.bin ..\OUTPUT\Obj\StreetLightsControler.axf
"..\OUTPUT\Obj\StreetLightsControler.axf" - 0 Errors, 0 Warning(s).
Load "..\\OUTPUT\\Obj\\StreetLightsControler.axf" 
* JLink Info: Device "STM32F103RE" selected (512 KB flash, 64 KB RAM).
Set JLink Project File to "F:\SZP\项目\单灯控制器\程序软件\SLC\MDK-ARM\JLinkSettings.ini"
 
JLink info:
------------
DLL: V4.40c, compiled Jan 24 2012 09:30:33
Firmware: J-Link ARM V8 compiled Nov 28 2014 13:44:46
Hardware: V8.00
Feature(s) : RDI,FlashDL,FlashBP,JFlash,GDBFULL 
 
* JLink Info: Found SWD-DP with ID 0x1BA01477
* JLink Info: TPIU fitted.
* JLink Info: ETM fitted.
* JLink Info:   FPUnit: 6 code (BP) slots and 2 literal slots
* JLink Info: Found Cortex-M3 r1p1, Little endian.
ROMTableAddr = 0xE00FF003
* JLink Info: Found SWD-DP with ID 0x1BA01477
* JLink Info: TPIU fitted.
* JLink Info: ETM fitted.
* JLink Info:   FPUnit: 6 code (BP) slots and 2 literal slots
* JLink Info: Found Cortex-M3 r1p1, Little endian.
 
Target info:
------------
Device: STM32F103RE
VTarget = 3.300V
State of Pins: 
TCK: 0, TDI: 0, TDO: 0, TMS: 1, TRES: 1, TRST: 1
Hardware-Breakpoints: 6
Software-Breakpoints: 8192
Watchpoints:          4
JTAG speed: 2000 kHz
 
Erase Done.
Programming Done.
Verify OK.
* JLink Info: Found SWD-DP with ID 0x1BA01477
* JLink Info: TPIU fitted.
* JLink Info: ETM fitted.
* JLink Info:   FPUnit: 6 code (BP) slots and 2 literal slots
* JLink Info: Found Cortex-M3 r1p1, Little endian.
Application running ...
Build target 'StreetLightsControler'
linking...
Program Size: Code=15124 RO-data=1384 RW-data=3292 ZI-data=33796  
FromELF: creating hex file...
After Build - User command #1: C:\Keil\ARM\ARMCC\bin\fromelf.exe  --bin -o   ..\OUTPUT\Obj\StreetLightsControler.bin ..\OUTPUT\Obj\StreetLightsControler.axf
"..\OUTPUT\Obj\StreetLightsControler.axf" - 0 Errors, 0 Warning(s).
Build target 'StreetLightsControler'
compiling main.c...
compiling rtos_task.c...
..\USER\rtos_task.c(53): error:  #167: argument of type "void (*)(void *)" is incompatible with parameter of type "TaskHandle_t *const"
compiling task_led.c...
..\USER\task_led.c(10): warning:  #177-D: variable "i" was declared but never referenced
compiling task_hci.c...
..\USER\task_hci.c(9): warning:  #177-D: variable "i" was declared but never referenced
compiling task_sensor.c...
..\USER\task_sensor.c(9): warning:  #177-D: variable "i" was declared but never referenced
compiling task_net.c...
..\USER\task_net.c(9): warning:  #177-D: variable "i" was declared but never referenced
compiling task_main.c...
..\USER\task_main.c(9): warning:  #177-D: variable "i" was declared but never referenced
"..\OUTPUT\Obj\StreetLightsControler.axf" - 1 Errors, 5 Warning(s).
Target not created
Build target 'StreetLightsControler'
compiling rtos_task.c...
..\USER\rtos_task.c(53): error:  #167: argument of type "void (*)(void *)" is incompatible with parameter of type "TaskHandle_t *const"
compiling task_led.c...
compiling task_hci.c...
compiling task_sensor.c...
compiling task_net.c...
compiling task_main.c...
"..\OUTPUT\Obj\StreetLightsControler.axf" - 1 Errors, 0 Warning(s).
Target not created
Build target 'StreetLightsControler'
compiling rtos_task.c...
linking...
..\OUTPUT\Obj\StreetLightsControler.axf: Error: L6218E: Undefined symbol vTaskMAIN (referred from rtos_task.o).
..\OUTPUT\Obj\StreetLightsControler.axf: Error: L6218E: Undefined symbol xHandleTaskMAIN (referred from rtos_task.o).
"..\OUTPUT\Obj\StreetLightsControler.axf" - 2 Errors, 0 Warning(s).
Target not created
Build target 'StreetLightsControler'
linking...
..\OUTPUT\Obj\StreetLightsControler.axf: Error: L6218E: Undefined symbol vTaskMAIN (referred from rtos_task.o).
..\OUTPUT\Obj\StreetLightsControler.axf: Error: L6218E: Undefined symbol xHandleTaskMAIN (referred from rtos_task.o).
"..\OUTPUT\Obj\StreetLightsControler.axf" - 2 Errors, 0 Warning(s).
Target not created
Build target 'StreetLightsControler'
compiling task_main.c...
linking...
Program Size: Code=15124 RO-data=1384 RW-data=3292 ZI-data=33796  
FromELF: creating hex file...
After Build - User command #1: C:\Keil\ARM\ARMCC\bin\fromelf.exe  --bin -o   ..\OUTPUT\Obj\StreetLightsControler.bin ..\OUTPUT\Obj\StreetLightsControler.axf
"..\OUTPUT\Obj\StreetLightsControler.axf" - 0 Errors, 0 Warning(s).
Build target 'StreetLightsControler'
compiling main.c...
linking...
Program Size: Code=15124 RO-data=1384 RW-data=3292 ZI-data=33796  
FromELF: creating hex file...
After Build - User command #1: C:\Keil\ARM\ARMCC\bin\fromelf.exe  --bin -o   ..\OUTPUT\Obj\StreetLightsControler.bin ..\OUTPUT\Obj\StreetLightsControler.axf
"..\OUTPUT\Obj\StreetLightsControler.axf" - 0 Errors, 0 Warning(s).
Load "..\\OUTPUT\\Obj\\StreetLightsControler.axf" 
* JLink Info: Device "STM32F103RE" selected (512 KB flash, 64 KB RAM).
Set JLink Project File to "F:\SZP\项目\单灯控制器\程序软件\SLC\MDK-ARM\JLinkSettings.ini"
 
JLink info:
------------
DLL: V4.40c, compiled Jan 24 2012 09:30:33
Firmware: J-Link ARM V8 compiled Nov 28 2014 13:44:46
Hardware: V8.00
Feature(s) : RDI,FlashDL,FlashBP,JFlash,GDBFULL 
 
* JLink Info: Found SWD-DP with ID 0x1BA01477
* JLink Info: TPIU fitted.
* JLink Info: ETM fitted.
* JLink Info:   FPUnit: 6 code (BP) slots and 2 literal slots
* JLink Info: Found Cortex-M3 r1p1, Little endian.
ROMTableAddr = 0xE00FF003
* JLink Info: Found SWD-DP with ID 0x1BA01477
* JLink Info: TPIU fitted.
* JLink Info: ETM fitted.
* JLink Info:   FPUnit: 6 code (BP) slots and 2 literal slots
* JLink Info: Found Cortex-M3 r1p1, Little endian.
 
Target info:
------------
Device: STM32F103RE
VTarget = 3.300V
State of Pins: 
TCK: 0, TDI: 0, TDO: 0, TMS: 1, TRES: 1, TRST: 1
Hardware-Breakpoints: 6
Software-Breakpoints: 8192
Watchpoints:          4
JTAG speed: 2000 kHz
 
Erase Done.
Programming Done.
Verify OK.
* JLink Info: Found SWD-DP with ID 0x1BA01477
* JLink Info: TPIU fitted.
* JLink Info: ETM fitted.
* JLink Info:   FPUnit: 6 code (BP) slots and 2 literal slots
* JLink Info: Found Cortex-M3 r1p1, Little endian.
Application running ...
Build target 'StreetLightsControler'
compiling main.c...
linking...
Program Size: Code=15140 RO-data=1384 RW-data=3292 ZI-data=33796  
FromELF: creating hex file...
After Build - User command #1: C:\Keil\ARM\ARMCC\bin\fromelf.exe  --bin -o   ..\OUTPUT\Obj\StreetLightsControler.bin ..\OUTPUT\Obj\StreetLightsControler.axf
"..\OUTPUT\Obj\StreetLightsControler.axf" - 0 Errors, 0 Warning(s).
Load "..\\OUTPUT\\Obj\\StreetLightsControler.axf" 
* JLink Info: Device "STM32F103RE" selected (512 KB flash, 64 KB RAM).
Set JLink Project File to "F:\SZP\项目\单灯控制器\程序软件\SLC\MDK-ARM\JLinkSettings.ini"
 
JLink info:
------------
DLL: V4.40c, compiled Jan 24 2012 09:30:33
Firmware: J-Link ARM V8 compiled Nov 28 2014 13:44:46
Hardware: V8.00
Feature(s) : RDI,FlashDL,FlashBP,JFlash,GDBFULL 
 
* JLink Info: Found SWD-DP with ID 0x1BA01477
* JLink Info: TPIU fitted.
* JLink Info: ETM fitted.
* JLink Info:   FPUnit: 6 code (BP) slots and 2 literal slots
* JLink Info: Found Cortex-M3 r1p1, Little endian.
ROMTableAddr = 0xE00FF003
* JLink Info: Found SWD-DP with ID 0x1BA01477
* JLink Info: TPIU fitted.
* JLink Info: ETM fitted.
* JLink Info:   FPUnit: 6 code (BP) slots and 2 literal slots
* JLink Info: Found Cortex-M3 r1p1, Little endian.
 
Target info:
------------
Device: STM32F103RE
VTarget = 3.300V
State of Pins: 
TCK: 0, TDI: 0, TDO: 0, TMS: 1, TRES: 1, TRST: 1
Hardware-Breakpoints: 6
Software-Breakpoints: 8192
Watchpoints:          4
JTAG speed: 2000 kHz
 
Erase Done.
Programming Done.
Verify OK.
* JLink Info: Found SWD-DP with ID 0x1BA01477
* JLink Info: TPIU fitted.
* JLink Info: ETM fitted.
* JLink Info:   FPUnit: 6 code (BP) slots and 2 literal slots
* JLink Info: Found Cortex-M3 r1p1, Little endian.
Application running ...
Build target 'StreetLightsControler'
compiling main.c...
linking...
Program Size: Code=15132 RO-data=1384 RW-data=3292 ZI-data=33796  
FromELF: creating hex file...
After Build - User command #1: C:\Keil\ARM\ARMCC\bin\fromelf.exe  --bin -o   ..\OUTPUT\Obj\StreetLightsControler.bin ..\OUTPUT\Obj\StreetLightsControler.axf
"..\OUTPUT\Obj\StreetLightsControler.axf" - 0 Errors, 0 Warning(s).
Load "..\\OUTPUT\\Obj\\StreetLightsControler.axf" 
* JLink Info: Device "STM32F103RE" selected (512 KB flash, 64 KB RAM).
Set JLink Project File to "F:\SZP\项目\单灯控制器\程序软件\SLC\MDK-ARM\JLinkSettings.ini"
 
JLink info:
------------
DLL: V4.40c, compiled Jan 24 2012 09:30:33
Firmware: J-Link ARM V8 compiled Nov 28 2014 13:44:46
Hardware: V8.00
Feature(s) : RDI,FlashDL,FlashBP,JFlash,GDBFULL 
 
* JLink Info: Found SWD-DP with ID 0x1BA01477
* JLink Info: TPIU fitted.
* JLink Info: ETM fitted.
* JLink Info:   FPUnit: 6 code (BP) slots and 2 literal slots
* JLink Info: Found Cortex-M3 r1p1, Little endian.
ROMTableAddr = 0xE00FF003
* JLink Info: Found SWD-DP with ID 0x1BA01477
* JLink Info: TPIU fitted.
* JLink Info: ETM fitted.
* JLink Info:   FPUnit: 6 code (BP) slots and 2 literal slots
* JLink Info: Found Cortex-M3 r1p1, Little endian.
 
Target info:
------------
Device: STM32F103RE
VTarget = 3.300V
State of Pins: 
TCK: 0, TDI: 0, TDO: 0, TMS: 1, TRES: 1, TRST: 1
Hardware-Breakpoints: 6
Software-Breakpoints: 8192
Watchpoints:          4
JTAG speed: 2000 kHz
 
Erase Done.
Programming Done.
Verify OK.
* JLink Info: Found SWD-DP with ID 0x1BA01477
* JLink Info: TPIU fitted.
* JLink Info: ETM fitted.
* JLink Info:   FPUnit: 6 code (BP) slots and 2 literal slots
* JLink Info: Found Cortex-M3 r1p1, Little endian.
Application running ...
Build target 'StreetLightsControler'
compiling main.c...
linking...
Program Size: Code=17260 RO-data=1384 RW-data=3308 ZI-data=33796  
FromELF: creating hex file...
After Build - User command #1: C:\Keil\ARM\ARMCC\bin\fromelf.exe  --bin -o   ..\OUTPUT\Obj\StreetLightsControler.bin ..\OUTPUT\Obj\StreetLightsControler.axf
"..\OUTPUT\Obj\StreetLightsControler.axf" - 0 Errors, 0 Warning(s).
Load "..\\OUTPUT\\Obj\\StreetLightsControler.axf" 
* JLink Info: Device "STM32F103RE" selected (512 KB flash, 64 KB RAM).
Set JLink Project File to "F:\SZP\项目\单灯控制器\程序软件\SLC\MDK-ARM\JLinkSettings.ini"
 
JLink info:
------------
DLL: V4.40c, compiled Jan 24 2012 09:30:33
Firmware: J-Link ARM V8 compiled Nov 28 2014 13:44:46
Hardware: V8.00
Feature(s) : RDI,FlashDL,FlashBP,JFlash,GDBFULL 
 
* JLink Info: Found SWD-DP with ID 0x1BA01477
* JLink Info: TPIU fitted.
* JLink Info: ETM fitted.
* JLink Info:   FPUnit: 6 code (BP) slots and 2 literal slots
* JLink Info: Found Cortex-M3 r1p1, Little endian.
ROMTableAddr = 0xE00FF003
* JLink Info: Found SWD-DP with ID 0x1BA01477
* JLink Info: TPIU fitted.
* JLink Info: ETM fitted.
* JLink Info:   FPUnit: 6 code (BP) slots and 2 literal slots
* JLink Info: Found Cortex-M3 r1p1, Little endian.
 
Target info:
------------
Device: STM32F103RE
VTarget = 3.300V
State of Pins: 
TCK: 0, TDI: 0, TDO: 0, TMS: 1, TRES: 1, TRST: 1
Hardware-Breakpoints: 6
Software-Breakpoints: 8192
Watchpoints:          4
JTAG speed: 2000 kHz
 
Erase Done.
Programming Done.
Verify OK.
* JLink Info: Found SWD-DP with ID 0x1BA01477
* JLink Info: TPIU fitted.
* JLink Info: ETM fitted.
* JLink Info:   FPUnit: 6 code (BP) slots and 2 literal slots
* JLink Info: Found Cortex-M3 r1p1, Little endian.
Application running ...
Build target 'StreetLightsControler'
compiling main.c...
compiling task_sensor.c...
linking...
Program Size: Code=17260 RO-data=1384 RW-data=3308 ZI-data=33796  
FromELF: creating hex file...
After Build - User command #1: C:\Keil\ARM\ARMCC\bin\fromelf.exe  --bin -o   ..\OUTPUT\Obj\StreetLightsControler.bin ..\OUTPUT\Obj\StreetLightsControler.axf
"..\OUTPUT\Obj\StreetLightsControler.axf" - 0 Errors, 0 Warning(s).
Build target 'StreetLightsControler'
compiling main.c...
compiling task_hci.c...
linking...
Program Size: Code=17204 RO-data=1384 RW-data=2792 ZI-data=33800  
FromELF: creating hex file...
After Build - User command #1: C:\Keil\ARM\ARMCC\bin\fromelf.exe  --bin -o   ..\OUTPUT\Obj\StreetLightsControler.bin ..\OUTPUT\Obj\StreetLightsControler.axf
"..\OUTPUT\Obj\StreetLightsControler.axf" - 0 Errors, 0 Warning(s).
Load "..\\OUTPUT\\Obj\\StreetLightsControler.axf" 
* JLink Info: Device "STM32F103RE" selected (512 KB flash, 64 KB RAM).
Set JLink Project File to "F:\SZP\项目\单灯控制器\程序软件\SLC\MDK-ARM\JLinkSettings.ini"
 
JLink info:
------------
DLL: V4.40c, compiled Jan 24 2012 09:30:33
Firmware: J-Link ARM V8 compiled Nov 28 2014 13:44:46
Hardware: V8.00
Feature(s) : RDI,FlashDL,FlashBP,JFlash,GDBFULL 
 
* JLink Info: Found SWD-DP with ID 0x1BA01477
* JLink Info:   FPUnit: 0 code (BP) slots and 0 literal slots
* JLink Info: TPIU fitted.
* JLink Info: ETM fitted.
* JLink Info:   FPUnit: 6 code (BP) slots and 2 literal slots
* JLink Info: Found Cortex-M3 r1p1, Little endian.
ROMTableAddr = 0xE00FF003
* JLink Info: Found SWD-DP with ID 0x1BA01477
* JLink Info: TPIU fitted.
* JLink Info: ETM fitted.
* JLink Info:   FPUnit: 6 code (BP) slots and 2 literal slots
* JLink Info: Found Cortex-M3 r1p1, Little endian.
 
Target info:
------------
Device: STM32F103RE
VTarget = 3.293V
State of Pins: 
TCK: 0, TDI: 0, TDO: 0, TMS: 1, TRES: 1, TRST: 1
Hardware-Breakpoints: 6
Software-Breakpoints: 8192
Watchpoints:          4
JTAG speed: 2000 kHz
 
Erase Done.
Programming Done.
Verify OK.
* JLink Info: Found SWD-DP with ID 0x1BA01477
* JLink Info: TPIU fitted.
* JLink Info: ETM fitted.
* JLink Info:   FPUnit: 6 code (BP) slots and 2 literal slots
* JLink Info: Found Cortex-M3 r1p1, Little endian.
Application running ...
Build target 'StreetLightsControler'
compiling main.c...
compiling delay.c...
linking...
Program Size: Code=17204 RO-data=1384 RW-data=2792 ZI-data=33800  
FromELF: creating hex file...
After Build - User command #1: C:\Keil\ARM\ARMCC\bin\fromelf.exe  --bin -o   ..\OUTPUT\Obj\StreetLightsControler.bin ..\OUTPUT\Obj\StreetLightsControler.axf
"..\OUTPUT\Obj\StreetLightsControler.axf" - 0 Errors, 0 Warning(s).
Build target 'StreetLightsControler'
compiling main.c...
linking...
Program Size: Code=17204 RO-data=1384 RW-data=2792 ZI-data=33800  
FromELF: creating hex file...
After Build - User command #1: C:\Keil\ARM\ARMCC\bin\fromelf.exe  --bin -o   ..\OUTPUT\Obj\StreetLightsControler.bin ..\OUTPUT\Obj\StreetLightsControler.axf
"..\OUTPUT\Obj\StreetLightsControler.axf" - 0 Errors, 0 Warning(s).
Build target 'StreetLightsControler'
compiling rtos_task.c...
linking...
Program Size: Code=17208 RO-data=1384 RW-data=2796 ZI-data=33796  
FromELF: creating hex file...
After Build - User command #1: C:\Keil\ARM\ARMCC\bin\fromelf.exe  --bin -o   ..\OUTPUT\Obj\StreetLightsControler.bin ..\OUTPUT\Obj\StreetLightsControler.axf
"..\OUTPUT\Obj\StreetLightsControler.axf" - 0 Errors, 0 Warning(s).
Build target 'StreetLightsControler'
compiling main.c...
compiling common.c...
compiling rtos_task.c...
compiling delay.c...
compiling rtc.c...
compiling usart.c...
compiling 24cxx.c...
compiling sht2x.c...
linking...
Program Size: Code=17208 RO-data=1384 RW-data=2796 ZI-data=33796  
FromELF: creating hex file...
After Build - User command #1: C:\Keil\ARM\ARMCC\bin\fromelf.exe  --bin -o   ..\OUTPUT\Obj\StreetLightsControler.bin ..\OUTPUT\Obj\StreetLightsControler.axf
"..\OUTPUT\Obj\StreetLightsControler.axf" - 0 Errors, 0 Warning(s).
Build target 'StreetLightsControler'
compiling common.c...
linking...
Program Size: Code=17208 RO-data=1384 RW-data=2796 ZI-data=33796  
FromELF: creating hex file...
After Build - User command #1: C:\Keil\ARM\ARMCC\bin\fromelf.exe  --bin -o   ..\OUTPUT\Obj\StreetLightsControler.bin ..\OUTPUT\Obj\StreetLightsControler.axf
"..\OUTPUT\Obj\StreetLightsControler.axf" - 0 Errors, 0 Warning(s).
Build target 'StreetLightsControler'
compiling common.c...
linking...
Program Size: Code=17208 RO-data=1384 RW-data=2796 ZI-data=33796  
FromELF: creating hex file...
After Build - User command #1: C:\Keil\ARM\ARMCC\bin\fromelf.exe  --bin -o   ..\OUTPUT\Obj\StreetLightsControler.bin ..\OUTPUT\Obj\StreetLightsControler.axf
"..\OUTPUT\Obj\StreetLightsControler.axf" - 0 Errors, 0 Warning(s).
Build target 'StreetLightsControler'
compiling main.c...
..\USER\common.h(187): error:  #20: identifier "EEP_REG_LEN" is undefined
compiling common.c...
..\USER\common.h(187): error:  #20: identifier "EEP_REG_LEN" is undefined
compiling rtos_task.c...
..\USER\common.h(187): error:  #20: identifier "EEP_REG_LEN" is undefined
compiling delay.c...
..\USER\common.h(187): error:  #20: identifier "EEP_REG_LEN" is undefined
compiling rtc.c...
..\USER\common.h(187): error:  #20: identifier "EEP_REG_LEN" is undefined
compiling usart.c...
..\USER\common.h(187): error:  #20: identifier "EEP_REG_LEN" is undefined
compiling 24cxx.c...
..\USER\common.h(187): error:  #20: identifier "EEP_REG_LEN" is undefined
compiling sht2x.c...
..\USER\common.h(187): error:  #20: identifier "EEP_REG_LEN" is undefined
"..\OUTPUT\Obj\StreetLightsControler.axf" - 8 Errors, 0 Warning(s).
Target not created
Build target 'StreetLightsControler'
compiling main.c...
compiling common.c...
compiling rtos_task.c...
compiling delay.c...
compiling rtc.c...
compiling usart.c...
compiling 24cxx.c...
compiling sht2x.c...
linking...
Program Size: Code=17208 RO-data=1384 RW-data=2796 ZI-data=33796  
FromELF: creating hex file...
After Build - User command #1: C:\Keil\ARM\ARMCC\bin\fromelf.exe  --bin -o   ..\OUTPUT\Obj\StreetLightsControler.bin ..\OUTPUT\Obj\StreetLightsControler.axf
"..\OUTPUT\Obj\StreetLightsControler.axf" - 0 Errors, 0 Warning(s).
Build target 'StreetLightsControler'
compiling main.c...
compiling common.c...
compiling rtos_task.c...
compiling delay.c...
compiling rtc.c...
compiling usart.c...
compiling 24cxx.c...
compiling sht2x.c...
linking...
Program Size: Code=17208 RO-data=1384 RW-data=2796 ZI-data=33796  
FromELF: creating hex file...
After Build - User command #1: C:\Keil\ARM\ARMCC\bin\fromelf.exe  --bin -o   ..\OUTPUT\Obj\StreetLightsControler.bin ..\OUTPUT\Obj\StreetLightsControler.axf
"..\OUTPUT\Obj\StreetLightsControler.axf" - 0 Errors, 0 Warning(s).
Build target 'StreetLightsControler'
compiling main.c...
compiling common.c...
compiling rtos_task.c...
compiling delay.c...
compiling rtc.c...
compiling usart.c...
compiling 24cxx.c...
compiling sht2x.c...
linking...
Program Size: Code=17208 RO-data=1384 RW-data=2796 ZI-data=33796  
FromELF: creating hex file...
After Build - User command #1: C:\Keil\ARM\ARMCC\bin\fromelf.exe  --bin -o   ..\OUTPUT\Obj\StreetLightsControler.bin ..\OUTPUT\Obj\StreetLightsControler.axf
"..\OUTPUT\Obj\StreetLightsControler.axf" - 0 Errors, 0 Warning(s).
Build target 'StreetLightsControler'
compiling common.c...
linking...
Program Size: Code=17208 RO-data=1384 RW-data=2792 ZI-data=33800  
FromELF: creating hex file...
After Build - User command #1: C:\Keil\ARM\ARMCC\bin\fromelf.exe  --bin -o   ..\OUTPUT\Obj\StreetLightsControler.bin ..\OUTPUT\Obj\StreetLightsControler.axf
"..\OUTPUT\Obj\StreetLightsControler.axf" - 0 Errors, 0 Warning(s).
Build target 'StreetLightsControler'
compiling main.c...
compiling common.c...
compiling rtos_task.c...
compiling delay.c...
compiling rtc.c...
..\PERIPHERAL\rtc\rtc.c(206): warning:  #223-D: function "SetTimeSec" declared implicitly
compiling usart.c...
compiling 24cxx.c...
compiling sht2x.c...
linking...
..\OUTPUT\Obj\StreetLightsControler.axf: Error: L6218E: Undefined symbol SetTimeSec (referred from rtc.o).
"..\OUTPUT\Obj\StreetLightsControler.axf" - 1 Errors, 1 Warning(s).
Target not created
Build target 'StreetLightsControler'
compiling rtc.c...
linking...
Program Size: Code=17208 RO-data=1384 RW-data=2792 ZI-data=33800  
FromELF: creating hex file...
After Build - User command #1: C:\Keil\ARM\ARMCC\bin\fromelf.exe  --bin -o   ..\OUTPUT\Obj\StreetLightsControler.bin ..\OUTPUT\Obj\StreetLightsControler.axf
"..\OUTPUT\Obj\StreetLightsControler.axf" - 0 Errors, 0 Warning(s).
Build target 'StreetLightsControler'
compiling main.c...
compiling common.c...
compiling rtos_task.c...
compiling delay.c...
compiling rtc.c...
compiling usart.c...
compiling 24cxx.c...
compiling sht2x.c...
linking...
Program Size: Code=17208 RO-data=1384 RW-data=2852 ZI-data=33796  
FromELF: creating hex file...
After Build - User command #1: C:\Keil\ARM\ARMCC\bin\fromelf.exe  --bin -o   ..\OUTPUT\Obj\StreetLightsControler.bin ..\OUTPUT\Obj\StreetLightsControler.axf
"..\OUTPUT\Obj\StreetLightsControler.axf" - 0 Errors, 0 Warning(s).
Build target 'StreetLightsControler'
compiling common.c...
linking...
Program Size: Code=17208 RO-data=1384 RW-data=2852 ZI-data=33796  
FromELF: creating hex file...
After Build - User command #1: C:\Keil\ARM\ARMCC\bin\fromelf.exe  --bin -o   ..\OUTPUT\Obj\StreetLightsControler.bin ..\OUTPUT\Obj\StreetLightsControler.axf
"..\OUTPUT\Obj\StreetLightsControler.axf" - 0 Errors, 0 Warning(s).
Load "..\\OUTPUT\\Obj\\StreetLightsControler.axf" 
* JLink Info: Device "STM32F103RE" selected (512 KB flash, 64 KB RAM).
Set JLink Project File to "F:\SZP\项目\单灯控制器\程序软件\SLC\MDK-ARM\JLinkSettings.ini"
 
JLink info:
------------
DLL: V4.40c, compiled Jan 24 2012 09:30:33
Firmware: J-Link ARM V8 compiled Nov 28 2014 13:44:46
Hardware: V8.00
Feature(s) : RDI,FlashDL,FlashBP,JFlash,GDBFULL 
 
* JLink Info: Found SWD-DP with ID 0x1BA01477
* JLink Info: TPIU fitted.
* JLink Info: ETM fitted.
* JLink Info:   FPUnit: 6 code (BP) slots and 2 literal slots
* JLink Info: Found Cortex-M3 r1p1, Little endian.
ROMTableAddr = 0xE00FF003
* JLink Info: Found SWD-DP with ID 0x1BA01477
* JLink Info: TPIU fitted.
* JLink Info: ETM fitted.
* JLink Info:   FPUnit: 6 code (BP) slots and 2 literal slots
* JLink Info: Found Cortex-M3 r1p1, Little endian.
 
Target info:
------------
Device: STM32F103RE
VTarget = 3.293V
State of Pins: 
TCK: 0, TDI: 0, TDO: 0, TMS: 1, TRES: 1, TRST: 1
Hardware-Breakpoints: 6
Software-Breakpoints: 8192
Watchpoints:          4
JTAG speed: 2000 kHz
 
Erase Done.
Programming Done.
Verify OK.
* JLink Info: Found SWD-DP with ID 0x1BA01477
* JLink Info: TPIU fitted.
* JLink Info: ETM fitted.
[...]
"..\OUTPUT\Obj\StreetLightsControler.axf" - 0 Errors, 0 Warning(s).
Load "..\\OUTPUT\\Obj\\StreetLightsControler.axf" 
* JLink Info: Device "STM32F103RE" selected (512 KB flash, 64 KB RAM).
Set JLink Project File to "F:\SZP\项目\单灯控制器\程序软件\SLC\MDK-ARM\JLinkSettings.ini"
 
JLink info:
------------
DLL: V4.40c, compiled Jan 24 2012 09:30:33
Firmware: J-Link ARM V8 compiled Nov 28 2014 13:44:46
Hardware: V8.00
Feature(s) : RDI,FlashDL,FlashBP,JFlash,GDBFULL 
 
* JLink Info: Found SWD-DP with ID 0x1BA01477
* JLink Info: TPIU fitted.
* JLink Info: ETM fitted.
* JLink Info:   FPUnit: 6 code (BP) slots and 2 literal slots
* JLink Info: Found Cortex-M3 r1p1, Little endian.
ROMTableAddr = 0xE00FF003
* JLink Info: Found SWD-DP with ID 0x1BA01477
* JLink Info: TPIU fitted.
* JLink Info: ETM fitted.
* JLink Info:   FPUnit: 6 code (BP) slots and 2 literal slots
* JLink Info: Found Cortex-M3 r1p1, Little endian.
 
Target info:
------------
Device: STM32F103RE
VTarget = 3.293V
State of Pins: 
TCK: 0, TDI: 0, TDO: 0, TMS: 1, TRES: 1, TRST: 1
Hardware-Breakpoints: 6
Software-Breakpoints: 8192
Watchpoints:          4
JTAG speed: 2000 kHz
 
Erase Done.
Programming Done.
Verify OK.
* JLink Info: Found SWD-DP with ID 0x1BA01477
* JLink Info: TPIU fitted.
* JLink Info: ETM fitted.
* JLink Info:   FPUnit: 6 code (BP) slots and 2 literal slots
* JLink Info: Found Cortex-M3 r1p1, Little endian.
Application running ...
Build target 'StreetLightsControler'
assembling startup_stm32f10x_hd.s...
linking...
Program Size: Code=17216 RO-data=1384 RW-data=2852 ZI-data=32772  
FromELF: creating hex file...
After Build - User command #1: C:\Keil\ARM\ARMCC\bin\fromelf.exe  --bin -o   ..\OUTPUT\Obj\StreetLightsControler.bin ..\OUTPUT\Obj\StreetLightsControler.axf
"..\OUTPUT\Obj\StreetLightsControler.axf" - 0 Errors, 0 Warning(s).
Load "..\\OUTPUT\\Obj\\StreetLightsControler.axf" 
* JLink Info: Device "STM32F103RE" selected (512 KB flash, 64 KB RAM).
Set JLink Project File to "F:\SZP\项目\单灯控制器\程序软件\SLC\MDK-ARM\JLinkSettings.ini"
 
JLink info:
------------
DLL: V4.40c, compiled Jan 24 2012 09:30:33
Firmware: J-Link ARM V8 compiled Nov 28 2014 13:44:46
Hardware: V8.00
Feature(s) : RDI,FlashDL,FlashBP,JFlash,GDBFULL 
 
* JLink Info: Found SWD-DP with ID 0x1BA01477
* JLink Info: TPIU fitted.
* JLink Info: ETM fitted.
* JLink Info:   FPUnit: 6 code (BP) slots and 2 literal slots
* JLink Info: Found Cortex-M3 r1p1, Little endian.
ROMTableAddr = 0xE00FF003
* JLink Info: Found SWD-DP with ID 0x1BA01477
* JLink Info: TPIU fitted.
* JLink Info: ETM fitted.
* JLink Info:   FPUnit: 6 code (BP) slots and 2 literal slots
* JLink Info: Found Cortex-M3 r1p1, Little endian.
 
Target info:
------------
Device: STM32F103RE
VTarget = 3.293V
State of Pins: 
TCK: 0, TDI: 0, TDO: 0, TMS: 1, TRES: 1, TRST: 1
Hardware-Breakpoints: 6
Software-Breakpoints: 8192
Watchpoints:          4
JTAG speed: 2000 kHz
 
Erase Done.
Programming Done.
Verify OK.
* JLink Info: Found SWD-DP with ID 0x1BA01477
* JLink Info: TPIU fitted.
* JLink Info: ETM fitted.
* JLink Info:   FPUnit: 6 code (BP) slots and 2 literal slots
* JLink Info: Found Cortex-M3 r1p1, Little endian.
Application running ...
Build target 'StreetLightsControler'
compiling main.c...
linking...
Program Size: Code=20240 RO-data=1404 RW-data=2852 ZI-data=33028  
FromELF: creating hex file...
After Build - User command #1: C:\Keil\ARM\ARMCC\bin\fromelf.exe  --bin -o   ..\OUTPUT\Obj\StreetLightsControler.bin ..\OUTPUT\Obj\StreetLightsControler.axf
"..\OUTPUT\Obj\StreetLightsControler.axf" - 0 Errors, 0 Warning(s).
Build target 'StreetLightsControler'
compiling main.c...
linking...
Program Size: Code=20144 RO-data=1404 RW-data=2852 ZI-data=33028  
FromELF: creating hex file...
After Build - User command #1: C:\Keil\ARM\ARMCC\bin\fromelf.exe  --bin -o   ..\OUTPUT\Obj\StreetLightsControler.bin ..\OUTPUT\Obj\StreetLightsControler.axf
"..\OUTPUT\Obj\StreetLightsControler.axf" - 0 Errors, 0 Warning(s).
Load "..\\OUTPUT\\Obj\\StreetLightsControler.axf" 
* JLink Info: Device "STM32F103RE" selected (512 KB flash, 64 KB RAM).
Set JLink Project File to "F:\SZP\项目\单灯控制器\程序软件\SLC\MDK-ARM\JLinkSettings.ini"
 
JLink info:
------------
DLL: V4.40c, compiled Jan 24 2012 09:30:33
Firmware: J-Link ARM V8 compiled Nov 28 2014 13:44:46
Hardware: V8.00
Feature(s) : RDI,FlashDL,FlashBP,JFlash,GDBFULL 
 
* JLink Info: Found SWD-DP with ID 0x1BA01477
* JLink Info: TPIU fitted.
* JLink Info: ETM fitted.
* JLink Info:   FPUnit: 6 code (BP) slots and 2 literal slots
* JLink Info: Found Cortex-M3 r1p1, Little endian.
ROMTableAddr = 0xE00FF003
* JLink Info: Found SWD-DP with ID 0x1BA01477
* JLink Info: TPIU fitted.
* JLink Info: ETM fitted.
* JLink Info:   FPUnit: 6 code (BP) slots and 2 literal slots
* JLink Info: Found Cortex-M3 r1p1, Little endian.
 
Target info:
------------
Device: STM32F103RE
VTarget = 3.293V
State of Pins: 
TCK: 0, TDI: 0, TDO: 0, TMS: 1, TRES: 1, TRST: 1
Hardware-Breakpoints: 6
Software-Breakpoints: 8192
Watchpoints:          4
JTAG speed: 2000 kHz
 
Erase Done.
Programming Done.
Verify OK.
* JLink Info: Found SWD-DP with ID 0x1BA01477
* JLink Info: TPIU fitted.
* JLink Info: ETM fitted.
* JLink Info:   FPUnit: 6 code (BP) slots and 2 literal slots
* JLink Info: Found Cortex-M3 r1p1, Little endian.
Application running ...
Build target 'StreetLightsControler'
compiling main.c...
compiling rtos_task.c...
linking...
Program Size: Code=20152 RO-data=1404 RW-data=2852 ZI-data=33028  
FromELF: creating hex file...
After Build - User command #1: C:\Keil\ARM\ARMCC\bin\fromelf.exe  --bin -o   ..\OUTPUT\Obj\StreetLightsControler.bin ..\OUTPUT\Obj\StreetLightsControler.axf
"..\OUTPUT\Obj\StreetLightsControler.axf" - 0 Errors, 0 Warning(s).
Build target 'StreetLightsControler'
linking...
Program Size: Code=20152 RO-data=1404 RW-data=2852 ZI-data=33028  
FromELF: creating hex file...
After Build - User command #1: C:\Keil\ARM\ARMCC\bin\fromelf.exe  --bin -o   ..\OUTPUT\Obj\StreetLightsControler.bin ..\OUTPUT\Obj\StreetLightsControler.axf
"..\OUTPUT\Obj\StreetLightsControler.axf" - 0 Errors, 0 Warning(s).
Load "..\\OUTPUT\\Obj\\StreetLightsControler.axf" 
* JLink Info: Device "STM32F103RE" selected (512 KB flash, 64 KB RAM).
Set JLink Project File to "F:\SZP\项目\单灯控制器\程序软件\SLC\MDK-ARM\JLinkSettings.ini"
 
JLink info:
------------
DLL: V4.40c, compiled Jan 24 2012 09:30:33
Firmware: J-Link ARM V8 compiled Nov 28 2014 13:44:46
Hardware: V8.00
Feature(s) : RDI,FlashDL,FlashBP,JFlash,GDBFULL 
 
* JLink Info: Found SWD-DP with ID 0x1BA01477
* JLink Info: TPIU fitted.
* JLink Info: ETM fitted.
* JLink Info:   FPUnit: 6 code (BP) slots and 2 literal slots
* JLink Info: Found Cortex-M3 r1p1, Little endian.
ROMTableAddr = 0xE00FF003
* JLink Info: Found SWD-DP with ID 0x1BA01477
* JLink Info: TPIU fitted.
* JLink Info: ETM fitted.
* JLink Info:   FPUnit: 6 code (BP) slots and 2 literal slots
* JLink Info: Found Cortex-M3 r1p1, Little endian.
 
Target info:
------------
Device: STM32F103RE
VTarget = 3.293V
State of Pins: 
TCK: 0, TDI: 0, TDO: 0, TMS: 1, TRES: 1, TRST: 1
Hardware-Breakpoints: 6
Software-Breakpoints: 8192
Watchpoints:          4
JTAG speed: 2000 kHz
 
Erase Done.
Programming Done.
Verify OK.
* JLink Info: Found SWD-DP with ID 0x1BA01477
* JLink Info: TPIU fitted.
* JLink Info: ETM fitted.
* JLink Info:   FPUnit: 6 code (BP) slots and 2 literal slots
* JLink Info: Found Cortex-M3 r1p1, Little endian.
Application running ...
Build target 'StreetLightsControler'
compiling usart.c...
linking...
Program Size: Code=20152 RO-data=1404 RW-data=2852 ZI-data=33028  
FromELF: creating hex file...
After Build - User command #1: C:\Keil\ARM\ARMCC\bin\fromelf.exe  --bin -o   ..\OUTPUT\Obj\StreetLightsControler.bin ..\OUTPUT\Obj\StreetLightsControler.axf
"..\OUTPUT\Obj\StreetLightsControler.axf" - 0 Errors, 0 Warning(s).
Build target 'StreetLightsControler'
compiling main.c...
compiling common.c...
compiling rtos_task.c...
compiling delay.c...
compiling rtc.c...
compiling usart.c...
compiling 24cxx.c...
compiling sht2x.c...
linking...
Program Size: Code=20152 RO-data=1404 RW-data=2852 ZI-data=33028  
FromELF: creating hex file...
After Build - User command #1: C:\Keil\ARM\ARMCC\bin\fromelf.exe  --bin -o   ..\OUTPUT\Obj\StreetLightsControler.bin ..\OUTPUT\Obj\StreetLightsControler.axf
"..\OUTPUT\Obj\StreetLightsControler.axf" - 0 Errors, 0 Warning(s).
Build target 'StreetLightsControler'
compiling task_sensor.c...
linking...
Program Size: Code=16828 RO-data=1404 RW-data=2316 ZI-data=33028  
FromELF: creating hex file...
After Build - User command #1: C:\Keil\ARM\ARMCC\bin\fromelf.exe  --bin -o   ..\OUTPUT\Obj\StreetLightsControler.bin ..\OUTPUT\Obj\StreetLightsControler.axf
"..\OUTPUT\Obj\StreetLightsControler.axf" - 0 Errors, 0 Warning(s).
Load "..\\OUTPUT\\Obj\\StreetLightsControler.axf" 
* JLink Info: Device "STM32F103RE" selected (512 KB flash, 64 KB RAM).
Set JLink Project File to "F:\SZP\项目\单灯控制器\程序软件\SLC\MDK-ARM\JLinkSettings.ini"
 
JLink info:
------------
DLL: V4.40c, compiled Jan 24 2012 09:30:33
Firmware: J-Link ARM V8 compiled Nov 28 2014 13:44:46
Hardware: V8.00
Feature(s) : RDI,FlashDL,FlashBP,JFlash,GDBFULL 
 
* JLink Info: Found SWD-DP with ID 0x1BA01477
* JLink Info: TPIU fitted.
* JLink Info: ETM fitted.
* JLink Info:   FPUnit: 6 code (BP) slots and 2 literal slots
* JLink Info: Found Cortex-M3 r1p1, Little endian.
ROMTableAddr = 0xE00FF003
* JLink Info: Found SWD-DP with ID 0x1BA01477
* JLink Info: TPIU fitted.
* JLink Info: ETM fitted.
* JLink Info:   FPUnit: 6 code (BP) slots and 2 literal slots
* JLink Info: Found Cortex-M3 r1p1, Little endian.
 
Target info:
------------
Device: STM32F103RE
VTarget = 3.287V
State of Pins: 
TCK: 0, TDI: 0, TDO: 0, TMS: 1, TRES: 1, TRST: 1
Hardware-Breakpoints: 6
Software-Breakpoints: 8192
Watchpoints:          4
JTAG speed: 2000 kHz
 
Erase Done.
Programming Done.
Verify OK.
* JLink Info: Found SWD-DP with ID 0x1BA01477
* JLink Info: TPIU fitted.
* JLink Info: ETM fitted.
* JLink Info:   FPUnit: 6 code (BP) slots and 2 literal slots
* JLink Info: Found Cortex-M3 r1p1, Little endian.
Application running ...
Build target 'StreetLightsControler'
compiling task_sensor.c...
linking...
Program Size: Code=16732 RO-data=1404 RW-data=2316 ZI-data=33028  
FromELF: creating hex file...
After Build - User command #1: C:\Keil\ARM\ARMCC\bin\fromelf.exe  --bin -o   ..\OUTPUT\Obj\StreetLightsControler.bin ..\OUTPUT\Obj\StreetLightsControler.axf
"..\OUTPUT\Obj\StreetLightsControler.axf" - 0 Errors, 0 Warning(s).
Load "..\\OUTPUT\\Obj\\StreetLightsControler.axf" 
* JLink Info: Device "STM32F103RE" selected (512 KB flash, 64 KB RAM).
Set JLink Project File to "F:\SZP\项目\单灯控制器\程序软件\SLC\MDK-ARM\JLinkSettings.ini"
 
JLink info:
------------
DLL: V4.40c, compiled Jan 24 2012 09:30:33
Firmware: J-Link ARM V8 compiled Nov 28 2014 13:44:46
Hardware: V8.00
Feature(s) : RDI,FlashDL,FlashBP,JFlash,GDBFULL 
 
* JLink Info: Found SWD-DP with ID 0x1BA01477
* JLink Info: TPIU fitted.
* JLink Info: ETM fitted.
* JLink Info:   FPUnit: 6 code (BP) slots and 2 literal slots
* JLink Info: Found Cortex-M3 r1p1, Little endian.
ROMTableAddr = 0xE00FF003
* JLink Info: Found SWD-DP with ID 0x1BA01477
* JLink Info: TPIU fitted.
* JLink Info: ETM fitted.
* JLink Info:   FPUnit: 6 code (BP) slots and 2 literal slots
* JLink Info: Found Cortex-M3 r1p1, Little endian.
 
Target info:
------------
Device: STM32F103RE
VTarget = 3.293V
State of Pins: 
TCK: 0, TDI: 0, TDO: 0, TMS: 1, TRES: 1, TRST: 1
Hardware-Breakpoints: 6
Software-Breakpoints: 8192
Watchpoints:          4
JTAG speed: 2000 kHz
 
Erase Done.
Programming Done.
Verify OK.
* JLink Info: Found SWD-DP with ID 0x1BA01477
* JLink Info: TPIU fitted.
* JLink Info: ETM fitted.
* JLink Info:   FPUnit: 6 code (BP) slots and 2 literal slots
* JLink Info: Found Cortex-M3 r1p1, Little endian.
Application running ...
Build target 'StreetLightsControler'
compiling rtos_task.c...
compiling task_sensor.c...
linking...
Program Size: Code=20240 RO-data=1404 RW-data=2852 ZI-data=33028  
FromELF: creating hex file...
After Build - User command #1: C:\Keil\ARM\ARMCC\bin\fromelf.exe  --bin -o   ..\OUTPUT\Obj\StreetLightsControler.bin ..\OUTPUT\Obj\StreetLightsControler.axf
"..\OUTPUT\Obj\StreetLightsControler.axf" - 0 Errors, 0 Warning(s).
Build target 'StreetLightsControler'
compiling main.c...
linking...
Program Size: Code=19416 RO-data=1404 RW-data=2852 ZI-data=33028  
FromELF: creating hex file...
After Build - User command #1: C:\Keil\ARM\ARMCC\bin\fromelf.exe  --bin -o   ..\OUTPUT\Obj\StreetLightsControler.bin ..\OUTPUT\Obj\StreetLightsControler.axf
"..\OUTPUT\Obj\StreetLightsControler.axf" - 0 Errors, 0 Warning(s).
Load "..\\OUTPUT\\Obj\\StreetLightsControler.axf" 
* JLink Info: Device "STM32F103RE" selected (512 KB flash, 64 KB RAM).
Set JLink Project File to "F:\SZP\项目\单灯控制器\程序软件\SLC\MDK-ARM\JLinkSettings.ini"
 
JLink info:
------------
DLL: V4.40c, compiled Jan 24 2012 09:30:33
Firmware: J-Link ARM V8 compiled Nov 28 2014 13:44:46
Hardware: V8.00
Feature(s) : RDI,FlashDL,FlashBP,JFlash,GDBFULL 
 
* JLink Info: Found SWD-DP with ID 0x1BA01477
* JLink Info: TPIU fitted.
* JLink Info: ETM fitted.
* JLink Info:   FPUnit: 6 code (BP) slots and 2 literal slots
* JLink Info: Found Cortex-M3 r1p1, Little endian.
ROMTableAddr = 0xE00FF003
* JLink Info: Found SWD-DP with ID 0x1BA01477
* JLink Info: TPIU fitted.
* JLink Info: ETM fitted.
* JLink Info:   FPUnit: 6 code (BP) slots and 2 literal slots
* JLink Info: Found Cortex-M3 r1p1, Little endian.
 
Target info:
------------
Device: STM32F103RE
VTarget = 3.293V
State of Pins: 
TCK: 0, TDI: 0, TDO: 0, TMS: 1, TRES: 1, TRST: 1
Hardware-Breakpoints: 6
Software-Breakpoints: 8192
Watchpoints:          4
JTAG speed: 2000 kHz
 
Erase Done.
Programming Done.
Verify OK.
* JLink Info: Found SWD-DP with ID 0x1BA01477
* JLink Info: TPIU fitted.
* JLink Info: ETM fitted.
* JLink Info:   FPUnit: 6 code (BP) slots and 2 literal slots
* JLink Info: Found Cortex-M3 r1p1, Little endian.
Application running ...
Build target 'StreetLightsControler'
compiling main.c...
linking...
Program Size: Code=20240 RO-data=1404 RW-data=2852 ZI-data=33028  
FromELF: creating hex file...
After Build - User command #1: C:\Keil\ARM\ARMCC\bin\fromelf.exe  --bin -o   ..\OUTPUT\Obj\StreetLightsControler.bin ..\OUTPUT\Obj\StreetLightsControler.axf
"..\OUTPUT\Obj\StreetLightsControler.axf" - 0 Errors, 0 Warning(s).
Build target 'StreetLightsControler'
compiling main.c...
compiling common.c...
linking...
Program Size: Code=17216 RO-data=1384 RW-data=2792 ZI-data=32776  
FromELF: creating hex file...
After Build - User command #1: C:\Keil\ARM\ARMCC\bin\fromelf.exe  --bin -o   ..\OUTPUT\Obj\StreetLightsControler.bin ..\OUTPUT\Obj\StreetLightsControler.axf
"..\OUTPUT\Obj\StreetLightsControler.axf" - 0 Errors, 0 Warning(s).
Load "..\\OUTPUT\\Obj\\StreetLightsControler.axf" 
* JLink Info: Device "STM32F103RE" selected (512 KB flash, 64 KB RAM).
Set JLink Project File to "F:\SZP\项目\单灯控制器\程序软件\SLC\MDK-ARM\JLinkSettings.ini"
 
JLink info:
------------
DLL: V4.40c, compiled Jan 24 2012 09:30:33
Firmware: J-Link ARM V8 compiled Nov 28 2014 13:44:46
Hardware: V8.00
Feature(s) : RDI,FlashDL,FlashBP,JFlash,GDBFULL 
 
* JLink Info: Found SWD-DP with ID 0x1BA01477
* JLink Info: TPIU fitted.
* JLink Info: ETM fitted.
* JLink Info:   FPUnit: 6 code (BP) slots and 2 literal slots
* JLink Info: Found Cortex-M3 r1p1, Little endian.
ROMTableAddr = 0xE00FF003
* JLink Info: Found SWD-DP with ID 0x1BA01477
* JLink Info: TPIU fitted.
* JLink Info: ETM fitted.
* JLink Info:   FPUnit: 6 code (BP) slots and 2 literal slots
* JLink Info: Found Cortex-M3 r1p1, Little endian.
 
Target info:
------------
Device: STM32F103RE
VTarget = 3.293V
State of Pins: 
TCK: 0, TDI: 0, TDO: 0, TMS: 1, TRES: 1, TRST: 1
Hardware-Breakpoints: 6
Software-Breakpoints: 8192
Watchpoints:          4
JTAG speed: 2000 kHz
 
Erase Done.
Programming Done.
Verify OK.
* JLink Info: Found SWD-DP with ID 0x1BA01477
* JLink Info: TPIU fitted.
* JLink Info: ETM fitted.
* JLink Info:   FPUnit: 6 code (BP) slots and 2 literal slots
* JLink Info: Found Cortex-M3 r1p1, Little endian.
Application running ...
Build target 'StreetLightsControler'
compiling main.c...
compiling common.c...
linking...
..\OUTPUT\Obj\StreetLightsControler.axf: Error: L6218E: Undefined symbol APN (referred from common.o).
..\OUTPUT\Obj\StreetLightsControler.axf: Error: L6218E: Undefined symbol BootLoaderVersion (referred from common.o).
..\OUTPUT\Obj\StreetLightsControler.axf: Error: L6218E: Undefined symbol DeviceID (referred from common.o).
..\OUTPUT\Obj\StreetLightsControler.axf: Error: L6218E: Undefined symbol DeviceName (referred from common.o).
..\OUTPUT\Obj\StreetLightsControler.axf: Error: L6218E: Undefined symbol HardWareVersion (referred from common.o).
..\OUTPUT\Obj\StreetLightsControler.axf: Error: L6218E: Undefined symbol Operators (referred from common.o).
..\OUTPUT\Obj\StreetLightsControler.axf: Error: L6218E: Undefined symbol PowerINTFC (referred from common.o).
..\OUTPUT\Obj\StreetLightsControler.axf: Error: L6218E: Undefined symbol ServerDomain (referred from common.o).
..\OUTPUT\Obj\StreetLightsControler.axf: Error: L6218E: Undefined symbol ServerIP (referred from common.o).
..\OUTPUT\Obj\StreetLightsControler.axf: Error: L6218E: Undefined symbol ServerPort (referred from common.o).
..\OUTPUT\Obj\StreetLightsControler.axf: Error: L6218E: Undefined symbol SoftWareVersion (referred from common.o).
..\OUTPUT\Obj\StreetLightsControler.axf: Error: L6218E: Undefined symbol TimeZone (referred from common.o).
..\OUTPUT\Obj\StreetLightsControler.axf: Error: L6218E: Undefined symbol UUID (referred from common.o).
..\OUTPUT\Obj\StreetLightsControler.axf: Error: L6218E: Undefined symbol UpLoadINCL (referred from common.o).
"..\OUTPUT\Obj\StreetLightsControler.axf" - 14 Errors, 0 Warning(s).
Target not created
Build target 'StreetLightsControler'
compiling common.c...
linking...
Program Size: Code=20240 RO-data=1404 RW-data=2852 ZI-data=33028  
FromELF: creating hex file...
After Build - User command #1: C:\Keil\ARM\ARMCC\bin\fromelf.exe  --bin -o   ..\OUTPUT\Obj\StreetLightsControler.bin ..\OUTPUT\Obj\StreetLightsControler.axf
"..\OUTPUT\Obj\StreetLightsControler.axf" - 0 Errors, 0 Warning(s).
Build target 'StreetLightsControler'
linking...
Program Size: Code=20240 RO-data=1404 RW-data=2852 ZI-data=33028  
FromELF: creating hex file...
After Build - User command #1: C:\Keil\ARM\ARMCC\bin\fromelf.exe  --bin -o   ..\OUTPUT\Obj\StreetLightsControler.bin ..\OUTPUT\Obj\StreetLightsControler.axf
"..\OUTPUT\Obj\StreetLightsControler.axf" - 0 Errors, 0 Warning(s).
Build target 'StreetLightsControler'
linking...
Program Size: Code=20240 RO-data=1404 RW-data=2852 ZI-data=33028  
FromELF: creating hex file...
After Build - User command #1: C:\Keil\ARM\ARMCC\bin\fromelf.exe  --bin -o   ..\OUTPUT\Obj\StreetLightsControler.bin ..\OUTPUT\Obj\StreetLightsControler.axf
"..\OUTPUT\Obj\StreetLightsControler.axf" - 0 Errors, 0 Warning(s).
Build target 'StreetLightsControler'
linking...
Program Size: Code=20240 RO-data=1404 RW-data=2852 ZI-data=33028  
FromELF: creating hex file...
After Build - User command #1: C:\Keil\ARM\ARMCC\bin\fromelf.exe  --bin -o   ..\OUTPUT\Obj\StreetLightsControler.bin ..\OUTPUT\Obj\StreetLightsControler.axf
"..\OUTPUT\Obj\StreetLightsControler.axf" - 0 Errors, 0 Warning(s).
Build target 'StreetLightsControler'
linking...
Program Size: Code=20240 RO-data=1404 RW-data=2852 ZI-data=33028  
FromELF: creating hex file...
After Build - User command #1: C:\Keil\ARM\ARMCC\bin\fromelf.exe  --bin -o   ..\OUTPUT\Obj\StreetLightsControler.bin ..\OUTPUT\Obj\StreetLightsControler.axf
"..\OUTPUT\Obj\StreetLightsControler.axf" - 0 Errors, 0 Warning(s).
Clean started: Project: 'StreetLightsControler'
   deleting intermediate output files for target 'StreetLightsControler'
